<?xml version="1.0" encoding="ISO-8859-1" ?>
<link_info>
   <banner>TI ARM Linker Unix v18.1.5.LTS</banner>
   <copyright>Copyright (c) 1996-2018 Texas Instruments Incorporated</copyright>
   <link_time>0x5d65d220</link_time>
   <link_errors>0x0</link_errors>
   <output_file>EGR226Sec901_Johnston_Hayes_Final_Project.out</output_file>
   <entry_point>
      <name>_c_int00_noargs</name>
      <address>0x5631</address>
   </entry_point>
   <input_file_list>
      <input_file id="fl-1">
         <path>./</path>
         <kind>object</kind>
         <file>ADC_Library.obj</file>
         <name>ADC_Library.obj</name>
      </input_file>
      <input_file id="fl-2">
         <path>./</path>
         <kind>object</kind>
         <file>EGR226Sec901_Johnston_Hayes_Final_Project.obj</file>
         <name>EGR226Sec901_Johnston_Hayes_Final_Project.obj</name>
      </input_file>
      <input_file id="fl-3">
         <path>./</path>
         <kind>object</kind>
         <file>LCD_Library.obj</file>
         <name>LCD_Library.obj</name>
      </input_file>
      <input_file id="fl-4">
         <path>./</path>
         <kind>object</kind>
         <file>Slot_Machine.obj</file>
         <name>Slot_Machine.obj</name>
      </input_file>
      <input_file id="fl-5">
         <path>./</path>
         <kind>object</kind>
         <file>SysTick_Library.obj</file>
         <name>SysTick_Library.obj</name>
      </input_file>
      <input_file id="fl-6">
         <path>./</path>
         <kind>object</kind>
         <file>Tunes_Library.obj</file>
         <name>Tunes_Library.obj</name>
      </input_file>
      <input_file id="fl-7">
         <path>./</path>
         <kind>object</kind>
         <file>startup_msp432p401r_ccs.obj</file>
         <name>startup_msp432p401r_ccs.obj</name>
      </input_file>
      <input_file id="fl-8">
         <path>./</path>
         <kind>object</kind>
         <file>system_msp432p401r.obj</file>
         <name>system_msp432p401r.obj</name>
      </input_file>
      <input_file id="fl-c">
         <kind>object</kind>
         <file>&lt;internal&gt;</file>
         <name>&lt;internal&gt;</name>
      </input_file>
      <input_file id="fl-c2">
         <path>/Applications/ti/ccsv8/tools/compiler/ti-cgt-arm_18.1.5.LTS/lib/</path>
         <kind>archive</kind>
         <file>rtsv7M4_T_le_v4SPD16_eabi.lib</file>
         <name>memset_t2.asm.obj</name>
      </input_file>
      <input_file id="fl-c3">
         <path>/Applications/ti/ccsv8/tools/compiler/ti-cgt-arm_18.1.5.LTS/lib/</path>
         <kind>archive</kind>
         <file>rtsv7M4_T_le_v4SPD16_eabi.lib</file>
         <name>fd_div_t2.asm.obj</name>
      </input_file>
      <input_file id="fl-c4">
         <path>/Applications/ti/ccsv8/tools/compiler/ti-cgt-arm_18.1.5.LTS/lib/</path>
         <kind>archive</kind>
         <file>rtsv7M4_T_le_v4SPD16_eabi.lib</file>
         <name>fd_mul_t2.asm.obj</name>
      </input_file>
      <input_file id="fl-c5">
         <path>/Applications/ti/ccsv8/tools/compiler/ti-cgt-arm_18.1.5.LTS/lib/</path>
         <kind>archive</kind>
         <file>rtsv7M4_T_le_v4SPD16_eabi.lib</file>
         <name>fd_tos_t2.asm.obj</name>
      </input_file>
      <input_file id="fl-c6">
         <path>/Applications/ti/ccsv8/tools/compiler/ti-cgt-arm_18.1.5.LTS/lib/</path>
         <kind>archive</kind>
         <file>rtsv7M4_T_le_v4SPD16_eabi.lib</file>
         <name>u_tofd_t2.asm.obj</name>
      </input_file>
      <input_file id="fl-c7">
         <path>/Applications/ti/ccsv8/tools/compiler/ti-cgt-arm_18.1.5.LTS/lib/</path>
         <kind>archive</kind>
         <file>rtsv7M4_T_le_v4SPD16_eabi.lib</file>
         <name>copy_zero_init.c.obj</name>
      </input_file>
      <input_file id="fl-c8">
         <path>/Applications/ti/ccsv8/tools/compiler/ti-cgt-arm_18.1.5.LTS/lib/</path>
         <kind>archive</kind>
         <file>rtsv7M4_T_le_v4SPD16_eabi.lib</file>
         <name>copy_decompress_none.c.obj</name>
      </input_file>
      <input_file id="fl-c9">
         <path>/Applications/ti/ccsv8/tools/compiler/ti-cgt-arm_18.1.5.LTS/lib/</path>
         <kind>archive</kind>
         <file>rtsv7M4_T_le_v4SPD16_eabi.lib</file>
         <name>copy_decompress_lzss.c.obj</name>
      </input_file>
      <input_file id="fl-ca">
         <path>/Applications/ti/ccsv8/tools/compiler/ti-cgt-arm_18.1.5.LTS/lib/</path>
         <kind>archive</kind>
         <file>rtsv7M4_T_le_v4SPD16_eabi.lib</file>
         <name>boot_cortex_m.c.obj</name>
      </input_file>
      <input_file id="fl-cb">
         <path>/Applications/ti/ccsv8/tools/compiler/ti-cgt-arm_18.1.5.LTS/lib/</path>
         <kind>archive</kind>
         <file>rtsv7M4_T_le_v4SPD16_eabi.lib</file>
         <name>exit.c.obj</name>
      </input_file>
      <input_file id="fl-cc">
         <path>/Applications/ti/ccsv8/tools/compiler/ti-cgt-arm_18.1.5.LTS/lib/</path>
         <kind>archive</kind>
         <file>rtsv7M4_T_le_v4SPD16_eabi.lib</file>
         <name>_lock.c.obj</name>
      </input_file>
      <input_file id="fl-cd">
         <path>/Applications/ti/ccsv8/tools/compiler/ti-cgt-arm_18.1.5.LTS/lib/</path>
         <kind>archive</kind>
         <file>rtsv7M4_T_le_v4SPD16_eabi.lib</file>
         <name>args_main.c.obj</name>
      </input_file>
      <input_file id="fl-ce">
         <path>/Applications/ti/ccsv8/tools/compiler/ti-cgt-arm_18.1.5.LTS/lib/</path>
         <kind>archive</kind>
         <file>rtsv7M4_T_le_v4SPD16_eabi.lib</file>
         <name>rand.c.obj</name>
      </input_file>
      <input_file id="fl-cf">
         <path>/Applications/ti/ccsv8/tools/compiler/ti-cgt-arm_18.1.5.LTS/lib/</path>
         <kind>archive</kind>
         <file>rtsv7M4_T_le_v4SPD16_eabi.lib</file>
         <name>sprintf.c.obj</name>
      </input_file>
      <input_file id="fl-d0">
         <path>/Applications/ti/ccsv8/tools/compiler/ti-cgt-arm_18.1.5.LTS/lib/</path>
         <kind>archive</kind>
         <file>rtsv7M4_T_le_v4SPD16_eabi.lib</file>
         <name>memcpy_t2.asm.obj</name>
      </input_file>
      <input_file id="fl-d1">
         <path>/Applications/ti/ccsv8/tools/compiler/ti-cgt-arm_18.1.5.LTS/lib/</path>
         <kind>archive</kind>
         <file>rtsv7M4_T_le_v4SPD16_eabi.lib</file>
         <name>autoinit.c.obj</name>
      </input_file>
      <input_file id="fl-d2">
         <path>/Applications/ti/ccsv8/tools/compiler/ti-cgt-arm_18.1.5.LTS/lib/</path>
         <kind>archive</kind>
         <file>rtsv7M4_T_le_v4SPD16_eabi.lib</file>
         <name>pre_init.c.obj</name>
      </input_file>
      <input_file id="fl-d3">
         <path>/Applications/ti/ccsv8/tools/compiler/ti-cgt-arm_18.1.5.LTS/lib/</path>
         <kind>archive</kind>
         <file>rtsv7M4_T_le_v4SPD16_eabi.lib</file>
         <name>cpy_tbl.c.obj</name>
      </input_file>
      <input_file id="fl-d4">
         <path>/Applications/ti/ccsv8/tools/compiler/ti-cgt-arm_18.1.5.LTS/lib/</path>
         <kind>archive</kind>
         <file>rtsv7M4_T_le_v4SPD16_eabi.lib</file>
         <name>_printfi.c.obj</name>
      </input_file>
      <input_file id="fl-d5">
         <path>/Applications/ti/ccsv8/tools/compiler/ti-cgt-arm_18.1.5.LTS/lib/</path>
         <kind>archive</kind>
         <file>rtsv7M4_T_le_v4SPD16_eabi.lib</file>
         <name>atoi.c.obj</name>
      </input_file>
      <input_file id="fl-d6">
         <path>/Applications/ti/ccsv8/tools/compiler/ti-cgt-arm_18.1.5.LTS/lib/</path>
         <kind>archive</kind>
         <file>rtsv7M4_T_le_v4SPD16_eabi.lib</file>
         <name>ctype.c.obj</name>
      </input_file>
      <input_file id="fl-d7">
         <path>/Applications/ti/ccsv8/tools/compiler/ti-cgt-arm_18.1.5.LTS/lib/</path>
         <kind>archive</kind>
         <file>rtsv7M4_T_le_v4SPD16_eabi.lib</file>
         <name>ltoa.c.obj</name>
      </input_file>
      <input_file id="fl-d8">
         <path>/Applications/ti/ccsv8/tools/compiler/ti-cgt-arm_18.1.5.LTS/lib/</path>
         <kind>archive</kind>
         <file>rtsv7M4_T_le_v4SPD16_eabi.lib</file>
         <name>memccpy.c.obj</name>
      </input_file>
      <input_file id="fl-d9">
         <path>/Applications/ti/ccsv8/tools/compiler/ti-cgt-arm_18.1.5.LTS/lib/</path>
         <kind>archive</kind>
         <file>rtsv7M4_T_le_v4SPD16_eabi.lib</file>
         <name>strchr.c.obj</name>
      </input_file>
      <input_file id="fl-da">
         <path>/Applications/ti/ccsv8/tools/compiler/ti-cgt-arm_18.1.5.LTS/lib/</path>
         <kind>archive</kind>
         <file>rtsv7M4_T_le_v4SPD16_eabi.lib</file>
         <name>strlen.c.obj</name>
      </input_file>
      <input_file id="fl-db">
         <path>/Applications/ti/ccsv8/tools/compiler/ti-cgt-arm_18.1.5.LTS/lib/</path>
         <kind>archive</kind>
         <file>rtsv7M4_T_le_v4SPD16_eabi.lib</file>
         <name>s_frexp.c.obj</name>
      </input_file>
      <input_file id="fl-dc">
         <path>/Applications/ti/ccsv8/tools/compiler/ti-cgt-arm_18.1.5.LTS/lib/</path>
         <kind>archive</kind>
         <file>rtsv7M4_T_le_v4SPD16_eabi.lib</file>
         <name>s_scalbn.c.obj</name>
      </input_file>
      <input_file id="fl-dd">
         <path>/Applications/ti/ccsv8/tools/compiler/ti-cgt-arm_18.1.5.LTS/lib/</path>
         <kind>archive</kind>
         <file>rtsv7M4_T_le_v4SPD16_eabi.lib</file>
         <name>wcslen.c.obj</name>
      </input_file>
      <input_file id="fl-de">
         <path>/Applications/ti/ccsv8/tools/compiler/ti-cgt-arm_18.1.5.LTS/lib/</path>
         <kind>archive</kind>
         <file>rtsv7M4_T_le_v4SPD16_eabi.lib</file>
         <name>s_copysign.c.obj</name>
      </input_file>
      <input_file id="fl-df">
         <path>/Applications/ti/ccsv8/tools/compiler/ti-cgt-arm_18.1.5.LTS/lib/</path>
         <kind>archive</kind>
         <file>rtsv7M4_T_le_v4SPD16_eabi.lib</file>
         <name>fd_add_t2.asm.obj</name>
      </input_file>
      <input_file id="fl-e0">
         <path>/Applications/ti/ccsv8/tools/compiler/ti-cgt-arm_18.1.5.LTS/lib/</path>
         <kind>archive</kind>
         <file>rtsv7M4_T_le_v4SPD16_eabi.lib</file>
         <name>fd_cmp_t2.asm.obj</name>
      </input_file>
      <input_file id="fl-e1">
         <path>/Applications/ti/ccsv8/tools/compiler/ti-cgt-arm_18.1.5.LTS/lib/</path>
         <kind>archive</kind>
         <file>rtsv7M4_T_le_v4SPD16_eabi.lib</file>
         <name>fd_toi_t2.asm.obj</name>
      </input_file>
      <input_file id="fl-e2">
         <path>/Applications/ti/ccsv8/tools/compiler/ti-cgt-arm_18.1.5.LTS/lib/</path>
         <kind>archive</kind>
         <file>rtsv7M4_T_le_v4SPD16_eabi.lib</file>
         <name>i_tofd_t2.asm.obj</name>
      </input_file>
      <input_file id="fl-e3">
         <path>/Applications/ti/ccsv8/tools/compiler/ti-cgt-arm_18.1.5.LTS/lib/</path>
         <kind>archive</kind>
         <file>rtsv7M4_T_le_v4SPD16_eabi.lib</file>
         <name>ull_div_t2.asm.obj</name>
      </input_file>
      <input_file id="fl-e4">
         <path>/Applications/ti/ccsv8/tools/compiler/ti-cgt-arm_18.1.5.LTS/lib/</path>
         <kind>archive</kind>
         <file>rtsv7M4_T_le_v4SPD16_eabi.lib</file>
         <name>errno.c.obj</name>
      </input_file>
      <input_file id="fl-e5">
         <path>/Applications/ti/ccsv8/tools/compiler/ti-cgt-arm_18.1.5.LTS/lib/</path>
         <kind>archive</kind>
         <file>rtsv7M4_T_le_v4SPD16_eabi.lib</file>
         <name>div0.asm.obj</name>
      </input_file>
   </input_file_list>
   <object_component_list>
      <object_component id="oc-23">
         <name>.intvecs:retain</name>
         <load_address>0x0</load_address>
         <run_address>0x0</run_address>
         <size>0xe4</size>
         <input_file_ref idref="fl-7"/>
      </object_component>
      <object_component id="oc-d8">
         <name>.text</name>
         <load_address>0xe4</load_address>
         <run_address>0xe4</run_address>
         <size>0x14f4</size>
         <input_file_ref idref="fl-4"/>
      </object_component>
      <object_component id="oc-15d">
         <name>.text</name>
         <load_address>0x15d8</load_address>
         <run_address>0x15d8</run_address>
         <size>0x11d0</size>
         <input_file_ref idref="fl-6"/>
      </object_component>
      <object_component id="oc-1b7">
         <name>.text:__TI_printfi</name>
         <load_address>0x27a8</load_address>
         <run_address>0x27a8</run_address>
         <size>0xa5e</size>
         <input_file_ref idref="fl-d4"/>
      </object_component>
      <object_component id="oc-1ea">
         <name>.text:_nop</name>
         <load_address>0x3206</load_address>
         <run_address>0x3206</run_address>
         <size>0x2</size>
         <input_file_ref idref="fl-cc"/>
      </object_component>
      <object_component id="oc-d2">
         <name>.text</name>
         <load_address>0x3208</load_address>
         <run_address>0x3208</run_address>
         <size>0x63c</size>
         <input_file_ref idref="fl-3"/>
      </object_component>
      <object_component id="oc-6a">
         <name>.text</name>
         <load_address>0x3844</load_address>
         <run_address>0x3844</run_address>
         <size>0x3f0</size>
         <input_file_ref idref="fl-5"/>
      </object_component>
      <object_component id="oc-a8">
         <name>.text</name>
         <load_address>0x3c34</load_address>
         <run_address>0x3c34</run_address>
         <size>0x334</size>
         <input_file_ref idref="fl-8"/>
      </object_component>
      <object_component id="oc-de">
         <name>.text</name>
         <load_address>0x3f68</load_address>
         <run_address>0x3f68</run_address>
         <size>0x314</size>
         <input_file_ref idref="fl-1"/>
      </object_component>
      <object_component id="oc-232">
         <name>.text:_pconv_a</name>
         <load_address>0x427c</load_address>
         <run_address>0x427c</run_address>
         <size>0x270</size>
         <input_file_ref idref="fl-d4"/>
      </object_component>
      <object_component id="oc-220">
         <name>.text:_pconv_g</name>
         <load_address>0x44ec</load_address>
         <run_address>0x44ec</run_address>
         <size>0x1d0</size>
         <input_file_ref idref="fl-d4"/>
      </object_component>
      <object_component id="oc-28e">
         <name>.text</name>
         <load_address>0x46bc</load_address>
         <run_address>0x46bc</run_address>
         <size>0x1b6</size>
         <input_file_ref idref="fl-df"/>
      </object_component>
      <object_component id="oc-2e7">
         <name>.text</name>
         <load_address>0x4872</load_address>
         <run_address>0x4872</run_address>
         <size>0x2</size>
         <input_file_ref idref="fl-e5"/>
      </object_component>
      <object_component id="oc-22c">
         <name>.text:_pconv_e</name>
         <load_address>0x4874</load_address>
         <run_address>0x4874</run_address>
         <size>0x13c</size>
         <input_file_ref idref="fl-d4"/>
      </object_component>
      <object_component id="oc-177">
         <name>.text</name>
         <load_address>0x49b0</load_address>
         <run_address>0x49b0</run_address>
         <size>0x136</size>
         <input_file_ref idref="fl-c3"/>
      </object_component>
      <object_component id="oc-2a0">
         <name>.text:fcvt</name>
         <load_address>0x4ae8</load_address>
         <run_address>0x4ae8</run_address>
         <size>0x124</size>
         <input_file_ref idref="fl-d4"/>
      </object_component>
      <object_component id="oc-2b4">
         <name>.text:scalbn</name>
         <load_address>0x4c0c</load_address>
         <run_address>0x4c0c</run_address>
         <size>0x110</size>
         <input_file_ref idref="fl-dc"/>
      </object_component>
      <object_component id="oc-172">
         <name>.text</name>
         <load_address>0x4d1c</load_address>
         <run_address>0x4d1c</run_address>
         <size>0xfc</size>
         <input_file_ref idref="fl-c4"/>
      </object_component>
      <object_component id="oc-215">
         <name>.text:_ltostr</name>
         <load_address>0x4e18</load_address>
         <run_address>0x4e18</run_address>
         <size>0xb1</size>
         <input_file_ref idref="fl-d4"/>
      </object_component>
      <object_component id="oc-96">
         <name>.text</name>
         <load_address>0x4ecc</load_address>
         <run_address>0x4ecc</run_address>
         <size>0xb0</size>
         <input_file_ref idref="fl-2"/>
      </object_component>
      <object_component id="oc-34">
         <name>.text</name>
         <load_address>0x4f7c</load_address>
         <run_address>0x4f7c</run_address>
         <size>0x9c</size>
         <input_file_ref idref="fl-d0"/>
      </object_component>
      <object_component id="oc-272">
         <name>.text</name>
         <load_address>0x5018</load_address>
         <run_address>0x5018</run_address>
         <size>0x96</size>
         <input_file_ref idref="fl-e3"/>
      </object_component>
      <object_component id="oc-21b">
         <name>.text:__aeabi_cdcmple</name>
         <load_address>0x50ae</load_address>
         <run_address>0x50ae</run_address>
         <size>0x86</size>
         <input_file_ref idref="fl-e0"/>
      </object_component>
      <object_component id="oc-279">
         <name>.text:__aeabi_cdrcmple</name>
         <load_address>0x5134</load_address>
         <run_address>0x5134</run_address>
         <size>0x86</size>
         <input_file_ref idref="fl-e0"/>
      </object_component>
      <object_component id="oc-8a">
         <name>.text</name>
         <load_address>0x51ba</load_address>
         <run_address>0x51ba</run_address>
         <size>0x7a</size>
         <input_file_ref idref="fl-c2"/>
      </object_component>
      <object_component id="oc-299">
         <name>.text:_mcpy</name>
         <load_address>0x5234</load_address>
         <run_address>0x5234</run_address>
         <size>0x6e</size>
         <input_file_ref idref="fl-d4"/>
      </object_component>
      <object_component id="oc-17c">
         <name>.text</name>
         <load_address>0x52a2</load_address>
         <run_address>0x52a2</run_address>
         <size>0x6e</size>
         <input_file_ref idref="fl-c5"/>
      </object_component>
      <object_component id="oc-14">
         <name>.text:decompress:lzss:__TI_decompress_lzss</name>
         <load_address>0x5310</load_address>
         <run_address>0x5310</run_address>
         <size>0x68</size>
         <input_file_ref idref="fl-c9"/>
      </object_component>
      <object_component id="oc-2ae">
         <name>.text:frexp</name>
         <load_address>0x5378</load_address>
         <run_address>0x5378</run_address>
         <size>0x64</size>
         <input_file_ref idref="fl-db"/>
      </object_component>
      <object_component id="oc-226">
         <name>.text:_pconv_f</name>
         <load_address>0x53dc</load_address>
         <run_address>0x53dc</run_address>
         <size>0x56</size>
         <input_file_ref idref="fl-d4"/>
      </object_component>
      <object_component id="oc-283">
         <name>.text:ltoa</name>
         <load_address>0x5432</load_address>
         <run_address>0x5432</run_address>
         <size>0x54</size>
         <input_file_ref idref="fl-d7"/>
      </object_component>
      <object_component id="oc-293">
         <name>.text:_ecpy</name>
         <load_address>0x5486</load_address>
         <run_address>0x5486</run_address>
         <size>0x52</size>
         <input_file_ref idref="fl-d4"/>
      </object_component>
      <object_component id="oc-20f">
         <name>.text:atoi</name>
         <load_address>0x54d8</load_address>
         <run_address>0x54d8</run_address>
         <size>0x4c</size>
         <input_file_ref idref="fl-d5"/>
      </object_component>
      <object_component id="oc-27e">
         <name>.text</name>
         <load_address>0x5524</load_address>
         <run_address>0x5524</run_address>
         <size>0x48</size>
         <input_file_ref idref="fl-e1"/>
      </object_component>
      <object_component id="oc-f6">
         <name>.text:__TI_auto_init_nobinit_nopinit:__TI_auto_init_nobinit_nopinit</name>
         <load_address>0x556c</load_address>
         <run_address>0x556c</run_address>
         <size>0x44</size>
         <input_file_ref idref="fl-d1"/>
      </object_component>
      <object_component id="oc-142">
         <name>.text:sprintf</name>
         <load_address>0x55b0</load_address>
         <run_address>0x55b0</run_address>
         <size>0x40</size>
         <input_file_ref idref="fl-cf"/>
      </object_component>
      <object_component id="oc-2a6">
         <name>.text:_fcpy</name>
         <load_address>0x55f0</load_address>
         <run_address>0x55f0</run_address>
         <size>0x3e</size>
         <input_file_ref idref="fl-d4"/>
      </object_component>
      <object_component id="oc-52">
         <name>.text:_c_int00_noargs:_c_int00_noargs</name>
         <load_address>0x5630</load_address>
         <run_address>0x5630</run_address>
         <size>0x38</size>
         <input_file_ref idref="fl-ca"/>
      </object_component>
      <object_component id="oc-163">
         <name>.text:rand</name>
         <load_address>0x5668</load_address>
         <run_address>0x5668</run_address>
         <size>0x34</size>
         <input_file_ref idref="fl-ce"/>
      </object_component>
      <object_component id="oc-289">
         <name>.text</name>
         <load_address>0x569c</load_address>
         <run_address>0x569c</run_address>
         <size>0x2e</size>
         <input_file_ref idref="fl-e2"/>
      </object_component>
      <object_component id="oc-16d">
         <name>.text</name>
         <load_address>0x56ca</load_address>
         <run_address>0x56ca</run_address>
         <size>0x20</size>
         <input_file_ref idref="fl-c6"/>
      </object_component>
      <object_component id="oc-238">
         <name>.text:memccpy</name>
         <load_address>0x56ea</load_address>
         <run_address>0x56ea</run_address>
         <size>0x1c</size>
         <input_file_ref idref="fl-d8"/>
      </object_component>
      <object_component id="oc-1bd">
         <name>.text:_outs</name>
         <load_address>0x5706</load_address>
         <run_address>0x5706</run_address>
         <size>0x18</size>
         <input_file_ref idref="fl-cf"/>
      </object_component>
      <object_component id="oc-2ba">
         <name>.text:strchr</name>
         <load_address>0x571e</load_address>
         <run_address>0x571e</run_address>
         <size>0x16</size>
         <input_file_ref idref="fl-d9"/>
      </object_component>
      <object_component id="oc-2fe">
         <name>.text:copysign</name>
         <load_address>0x5734</load_address>
         <run_address>0x5734</run_address>
         <size>0x14</size>
         <input_file_ref idref="fl-de"/>
      </object_component>
      <object_component id="oc-209">
         <name>.text:strlen</name>
         <load_address>0x5748</load_address>
         <run_address>0x5748</run_address>
         <size>0x14</size>
         <input_file_ref idref="fl-da"/>
      </object_component>
      <object_component id="oc-40">
         <name>.text:decompress:ZI:__TI_zero_init_nomemset:__TI_zero_init_nomemset</name>
         <load_address>0x575c</load_address>
         <run_address>0x575c</run_address>
         <size>0x12</size>
         <input_file_ref idref="fl-c7"/>
      </object_component>
      <object_component id="oc-23e">
         <name>.text:wcslen</name>
         <load_address>0x576e</load_address>
         <run_address>0x576e</run_address>
         <size>0x12</size>
         <input_file_ref idref="fl-dd"/>
      </object_component>
      <object_component id="oc-1a">
         <name>.text:decompress:none:__TI_decompress_none</name>
         <load_address>0x5780</load_address>
         <run_address>0x5780</run_address>
         <size>0xe</size>
         <input_file_ref idref="fl-c8"/>
      </object_component>
      <object_component id="oc-64">
         <name>.text</name>
         <load_address>0x578e</load_address>
         <run_address>0x578e</run_address>
         <size>0xe</size>
         <input_file_ref idref="fl-7"/>
      </object_component>
      <object_component id="oc-1c3">
         <name>.text:_outc</name>
         <load_address>0x579c</load_address>
         <run_address>0x579c</run_address>
         <size>0xa</size>
         <input_file_ref idref="fl-cf"/>
      </object_component>
      <object_component id="oc-244">
         <name>.text:__aeabi_errno_addr</name>
         <load_address>0x57a8</load_address>
         <run_address>0x57a8</run_address>
         <size>0x8</size>
         <input_file_ref idref="fl-e4"/>
      </object_component>
      <object_component id="oc-90">
         <name>.text:_system_pre_init</name>
         <load_address>0x57b0</load_address>
         <run_address>0x57b0</run_address>
         <size>0x4</size>
         <input_file_ref idref="fl-d2"/>
      </object_component>
      <object_component id="oc-ea">
         <name>.text:abort:abort</name>
         <load_address>0x57b4</load_address>
         <run_address>0x57b4</run_address>
         <size>0x4</size>
         <input_file_ref idref="fl-cb"/>
      </object_component>
      <object_component id="oc-26d">
         <name>.const:.string:_ctypes_</name>
         <load_address>0x57b8</load_address>
         <run_address>0x57b8</run_address>
         <size>0x101</size>
         <input_file_ref idref="fl-d6"/>
      </object_component>
      <object_component id="oc-148">
         <name>.const:$P$T0$1</name>
         <load_address>0x58b9</load_address>
         <run_address>0x58b9</run_address>
         <size>0x8</size>
         <input_file_ref idref="fl-3"/>
      </object_component>
      <object_component id="oc-14b">
         <name>.const:$P$T1$2</name>
         <load_address>0x58c1</load_address>
         <run_address>0x58c1</run_address>
         <size>0x8</size>
         <input_file_ref idref="fl-3"/>
      </object_component>
      <object_component id="oc-14e">
         <name>.const:$P$T2$3</name>
         <load_address>0x58c9</load_address>
         <run_address>0x58c9</run_address>
         <size>0x8</size>
         <input_file_ref idref="fl-3"/>
      </object_component>
      <object_component id="oc-35a">
         <name>.cinit..data.load</name>
         <load_address>0x58d8</load_address>
         <run_address>0x58d8</run_address>
         <size>0x1e</size>
      </object_component>
      <object_component id="oc-358">
         <name>__TI_handler_table</name>
         <load_address>0x58f8</load_address>
         <run_address>0x58f8</run_address>
         <size>0xc</size>
      </object_component>
      <object_component id="oc-35b">
         <name>.cinit..bss.load</name>
         <load_address>0x5908</load_address>
         <run_address>0x5908</run_address>
         <size>0x8</size>
      </object_component>
      <object_component id="oc-359">
         <name>__TI_cinit_table</name>
         <load_address>0x5910</load_address>
         <run_address>0x5910</run_address>
         <size>0x10</size>
      </object_component>
      <object_component id="oc-32d">
         <name>.binit</name>
         <load_address>0x0</load_address>
         <run_address>0x0</run_address>
         <size>0x0</size>
      </object_component>
      <object_component id="oc-15a">
         <name>.data</name>
         <load_address>0x20000000</load_address>
         <run_address>0x20000000</run_address>
         <size>0x16</size>
         <input_file_ref idref="fl-4"/>
      </object_component>
      <object_component id="oc-af">
         <name>.data</name>
         <load_address>0x20000018</load_address>
         <run_address>0x20000018</run_address>
         <size>0xc</size>
         <input_file_ref idref="fl-5"/>
      </object_component>
      <object_component id="oc-169">
         <name>.data</name>
         <load_address>0x20000016</load_address>
         <run_address>0x20000016</run_address>
         <size>0x1</size>
         <input_file_ref idref="fl-6"/>
      </object_component>
      <object_component id="oc-128">
         <name>.data</name>
         <load_address>0x20000034</load_address>
         <run_address>0x20000034</run_address>
         <size>0x4</size>
         <input_file_ref idref="fl-8"/>
      </object_component>
      <object_component id="oc-187">
         <name>.data:$O1$$</name>
         <load_address>0x20000024</load_address>
         <run_address>0x20000024</run_address>
         <size>0x8</size>
         <input_file_ref idref="fl-cc"/>
      </object_component>
      <object_component id="oc-1de">
         <name>.data</name>
         <load_address>0x20000030</load_address>
         <run_address>0x20000030</run_address>
         <size>0x4</size>
         <input_file_ref idref="fl-ce"/>
      </object_component>
      <object_component id="oc-2ca">
         <name>.data</name>
         <load_address>0x2000002c</load_address>
         <run_address>0x2000002c</run_address>
         <size>0x4</size>
         <input_file_ref idref="fl-e4"/>
      </object_component>
      <object_component id="oc-181">
         <name>.bss</name>
         <uninitialized>true</uninitialized>
         <run_address>0x20000038</run_address>
         <size>0x2</size>
         <input_file_ref idref="fl-1"/>
      </object_component>
      <object_component id="oc-13b">
         <name>.common:_offset</name>
         <uninitialized>true</uninitialized>
         <run_address>0x2000003d</run_address>
         <size>0x1</size>
      </object_component>
      <object_component id="oc-151">
         <name>.common:Diamond_index</name>
         <uninitialized>true</uninitialized>
         <run_address>0x2000003a</run_address>
         <size>0x1</size>
      </object_component>
      <object_component id="oc-152">
         <name>.common:Dollar_index</name>
         <uninitialized>true</uninitialized>
         <run_address>0x2000003b</run_address>
         <size>0x1</size>
      </object_component>
      <object_component id="oc-153">
         <name>.common:Stick_Person_index</name>
         <uninitialized>true</uninitialized>
         <run_address>0x2000003c</run_address>
         <size>0x1</size>
      </object_component>
      <object_component id="oc-b2">
         <name>.common:num</name>
         <uninitialized>true</uninitialized>
         <run_address>0x2000003e</run_address>
         <size>0x1</size>
      </object_component>
      <object_component id="oc-26">
         <name>.stack</name>
         <uninitialized>true</uninitialized>
         <run_address>0x2000fe00</run_address>
         <size>0x4</size>
         <input_file_ref idref="fl-ca"/>
      </object_component>
      <object_component id="oc-35c">
         <name>.stack</name>
         <uninitialized>true</uninitialized>
         <run_address>0x2000fe00</run_address>
         <size>0x0</size>
      </object_component>
      <object_component id="oc-13a">
         <name>.debug_info</name>
         <load_address>0x0</load_address>
         <run_address>0x0</run_address>
         <size>0x575</size>
         <input_file_ref idref="fl-1"/>
      </object_component>
      <object_component id="oc-df">
         <name>.debug_info</name>
         <load_address>0x575</load_address>
         <run_address>0x575</run_address>
         <size>0x389</size>
         <input_file_ref idref="fl-1"/>
      </object_component>
      <object_component id="oc-e5">
         <name>.debug_info</name>
         <load_address>0x8fe</load_address>
         <run_address>0x8fe</run_address>
         <size>0x37e2</size>
         <input_file_ref idref="fl-1"/>
      </object_component>
      <object_component id="oc-bd">
         <name>.debug_info</name>
         <load_address>0x40e0</load_address>
         <run_address>0x40e0</run_address>
         <size>0x26b</size>
         <input_file_ref idref="fl-1"/>
      </object_component>
      <object_component id="oc-130">
         <name>.debug_info</name>
         <load_address>0x434b</load_address>
         <run_address>0x434b</run_address>
         <size>0x1055</size>
         <input_file_ref idref="fl-1"/>
      </object_component>
      <object_component id="oc-2f">
         <name>.debug_info</name>
         <load_address>0x53a0</load_address>
         <run_address>0x53a0</run_address>
         <size>0x84</size>
         <input_file_ref idref="fl-1"/>
      </object_component>
      <object_component id="oc-135">
         <name>.debug_info</name>
         <load_address>0x5424</load_address>
         <run_address>0x5424</run_address>
         <size>0x297</size>
         <input_file_ref idref="fl-1"/>
      </object_component>
      <object_component id="oc-b6">
         <name>.debug_info</name>
         <load_address>0x56bb</load_address>
         <run_address>0x56bb</run_address>
         <size>0xbb</size>
         <input_file_ref idref="fl-1"/>
      </object_component>
      <object_component id="oc-1cb">
         <name>.debug_info</name>
         <load_address>0x5776</load_address>
         <run_address>0x5776</run_address>
         <size>0x2c</size>
         <input_file_ref idref="fl-1"/>
      </object_component>
      <object_component id="oc-13c">
         <name>.debug_info</name>
         <load_address>0x57a2</load_address>
         <run_address>0x57a2</run_address>
         <size>0x81c</size>
         <input_file_ref idref="fl-2"/>
      </object_component>
      <object_component id="oc-97">
         <name>.debug_info</name>
         <load_address>0x5fbe</load_address>
         <run_address>0x5fbe</run_address>
         <size>0x408</size>
         <input_file_ref idref="fl-2"/>
      </object_component>
      <object_component id="oc-1a9">
         <name>.debug_info</name>
         <load_address>0x63c6</load_address>
         <run_address>0x63c6</run_address>
         <size>0x35</size>
         <input_file_ref idref="fl-2"/>
      </object_component>
      <object_component id="oc-155">
         <name>.debug_info</name>
         <load_address>0x63fb</load_address>
         <run_address>0x63fb</run_address>
         <size>0xda</size>
         <input_file_ref idref="fl-2"/>
      </object_component>
      <object_component id="oc-13e">
         <name>.debug_info</name>
         <load_address>0x64d5</load_address>
         <run_address>0x64d5</run_address>
         <size>0x6d6</size>
         <input_file_ref idref="fl-3"/>
      </object_component>
      <object_component id="oc-149">
         <name>.debug_info</name>
         <load_address>0x6bab</load_address>
         <run_address>0x6bab</run_address>
         <size>0xe4</size>
         <input_file_ref idref="fl-3"/>
      </object_component>
      <object_component id="oc-14c">
         <name>.debug_info</name>
         <load_address>0x6c8f</load_address>
         <run_address>0x6c8f</run_address>
         <size>0xe4</size>
         <input_file_ref idref="fl-3"/>
      </object_component>
      <object_component id="oc-14f">
         <name>.debug_info</name>
         <load_address>0x6d73</load_address>
         <run_address>0x6d73</run_address>
         <size>0xe4</size>
         <input_file_ref idref="fl-3"/>
      </object_component>
      <object_component id="oc-d3">
         <name>.debug_info</name>
         <load_address>0x6e57</load_address>
         <run_address>0x6e57</run_address>
         <size>0xb6d</size>
         <input_file_ref idref="fl-3"/>
      </object_component>
      <object_component id="oc-1b0">
         <name>.debug_info</name>
         <load_address>0x79c4</load_address>
         <run_address>0x79c4</run_address>
         <size>0x37e2</size>
         <input_file_ref idref="fl-3"/>
      </object_component>
      <object_component id="oc-140">
         <name>.debug_info</name>
         <load_address>0xb1a6</load_address>
         <run_address>0xb1a6</run_address>
         <size>0x8de</size>
         <input_file_ref idref="fl-4"/>
      </object_component>
      <object_component id="oc-15b">
         <name>.debug_info</name>
         <load_address>0xba84</load_address>
         <run_address>0xba84</run_address>
         <size>0x1b8</size>
         <input_file_ref idref="fl-4"/>
      </object_component>
      <object_component id="oc-d9">
         <name>.debug_info</name>
         <load_address>0xbc3c</load_address>
         <run_address>0xbc3c</run_address>
         <size>0x1eae</size>
         <input_file_ref idref="fl-4"/>
      </object_component>
      <object_component id="oc-1d8">
         <name>.debug_info</name>
         <load_address>0xdaea</load_address>
         <run_address>0xdaea</run_address>
         <size>0x48</size>
         <input_file_ref idref="fl-4"/>
      </object_component>
      <object_component id="oc-b3">
         <name>.debug_info</name>
         <load_address>0xdb32</load_address>
         <run_address>0xdb32</run_address>
         <size>0x563</size>
         <input_file_ref idref="fl-5"/>
      </object_component>
      <object_component id="oc-b0">
         <name>.debug_info</name>
         <load_address>0xe095</load_address>
         <run_address>0xe095</run_address>
         <size>0x17b</size>
         <input_file_ref idref="fl-5"/>
      </object_component>
      <object_component id="oc-6b">
         <name>.debug_info</name>
         <load_address>0xe210</load_address>
         <run_address>0xe210</run_address>
         <size>0x5f3</size>
         <input_file_ref idref="fl-5"/>
      </object_component>
      <object_component id="oc-16a">
         <name>.debug_info</name>
         <load_address>0xe803</load_address>
         <run_address>0xe803</run_address>
         <size>0xe0</size>
         <input_file_ref idref="fl-6"/>
      </object_component>
      <object_component id="oc-15e">
         <name>.debug_info</name>
         <load_address>0xe8e3</load_address>
         <run_address>0xe8e3</run_address>
         <size>0x1a8e</size>
         <input_file_ref idref="fl-6"/>
      </object_component>
      <object_component id="oc-72">
         <name>.debug_info</name>
         <load_address>0x10371</load_address>
         <run_address>0x10371</run_address>
         <size>0x2d6</size>
         <input_file_ref idref="fl-7"/>
      </object_component>
      <object_component id="oc-24">
         <name>.debug_info</name>
         <load_address>0x10647</load_address>
         <run_address>0x10647</run_address>
         <size>0x102</size>
         <input_file_ref idref="fl-7"/>
      </object_component>
      <object_component id="oc-65">
         <name>.debug_info</name>
         <load_address>0x10749</load_address>
         <run_address>0x10749</run_address>
         <size>0x1c9</size>
         <input_file_ref idref="fl-7"/>
      </object_component>
      <object_component id="oc-129">
         <name>.debug_info</name>
         <load_address>0x10912</load_address>
         <run_address>0x10912</run_address>
         <size>0xfb</size>
         <input_file_ref idref="fl-8"/>
      </object_component>
      <object_component id="oc-a9">
         <name>.debug_info</name>
         <load_address>0x10a0d</load_address>
         <run_address>0x10a0d</run_address>
         <size>0x26d</size>
         <input_file_ref idref="fl-8"/>
      </object_component>
      <object_component id="oc-8b">
         <name>.debug_info</name>
         <load_address>0x10c7a</load_address>
         <run_address>0x10c7a</run_address>
         <size>0x14a</size>
         <input_file_ref idref="fl-c2"/>
      </object_component>
      <object_component id="oc-17a">
         <name>.debug_info</name>
         <load_address>0x10dc4</load_address>
         <run_address>0x10dc4</run_address>
         <size>0x13d</size>
         <input_file_ref idref="fl-c3"/>
      </object_component>
      <object_component id="oc-173">
         <name>.debug_info</name>
         <load_address>0x10f01</load_address>
         <run_address>0x10f01</run_address>
         <size>0x13d</size>
         <input_file_ref idref="fl-c4"/>
      </object_component>
      <object_component id="oc-17d">
         <name>.debug_info</name>
         <load_address>0x1103e</load_address>
         <run_address>0x1103e</run_address>
         <size>0x141</size>
         <input_file_ref idref="fl-c5"/>
      </object_component>
      <object_component id="oc-16e">
         <name>.debug_info</name>
         <load_address>0x1117f</load_address>
         <run_address>0x1117f</run_address>
         <size>0x131</size>
         <input_file_ref idref="fl-c6"/>
      </object_component>
      <object_component id="oc-89">
         <name>.debug_info</name>
         <load_address>0x112b0</load_address>
         <run_address>0x112b0</run_address>
         <size>0x31e</size>
         <input_file_ref idref="fl-c7"/>
      </object_component>
      <object_component id="oc-41">
         <name>.debug_info</name>
         <load_address>0x115ce</load_address>
         <run_address>0x115ce</run_address>
         <size>0x1bf</size>
         <input_file_ref idref="fl-c7"/>
      </object_component>
      <object_component id="oc-84">
         <name>.debug_info</name>
         <load_address>0x1178d</load_address>
         <run_address>0x1178d</run_address>
         <size>0x46</size>
         <input_file_ref idref="fl-c7"/>
      </object_component>
      <object_component id="oc-c9">
         <name>.debug_info</name>
         <load_address>0x117d3</load_address>
         <run_address>0x117d3</run_address>
         <size>0x2c</size>
         <input_file_ref idref="fl-c7"/>
      </object_component>
      <object_component id="oc-3f">
         <name>.debug_info</name>
         <load_address>0x117ff</load_address>
         <run_address>0x117ff</run_address>
         <size>0x2a8</size>
         <input_file_ref idref="fl-c8"/>
      </object_component>
      <object_component id="oc-1b">
         <name>.debug_info</name>
         <load_address>0x11aa7</load_address>
         <run_address>0x11aa7</run_address>
         <size>0x1ea</size>
         <input_file_ref idref="fl-c8"/>
      </object_component>
      <object_component id="oc-3a">
         <name>.debug_info</name>
         <load_address>0x11c91</load_address>
         <run_address>0x11c91</run_address>
         <size>0x46</size>
         <input_file_ref idref="fl-c8"/>
      </object_component>
      <object_component id="oc-7c">
         <name>.debug_info</name>
         <load_address>0x11cd7</load_address>
         <run_address>0x11cd7</run_address>
         <size>0x2c</size>
         <input_file_ref idref="fl-c8"/>
      </object_component>
      <object_component id="oc-7a">
         <name>.debug_info</name>
         <load_address>0x11d03</load_address>
         <run_address>0x11d03</run_address>
         <size>0x29e</size>
         <input_file_ref idref="fl-c9"/>
      </object_component>
      <object_component id="oc-15">
         <name>.debug_info</name>
         <load_address>0x11fa1</load_address>
         <run_address>0x11fa1</run_address>
         <size>0x250</size>
         <input_file_ref idref="fl-c9"/>
      </object_component>
      <object_component id="oc-2a">
         <name>.debug_info</name>
         <load_address>0x121f1</load_address>
         <run_address>0x121f1</run_address>
         <size>0x60</size>
         <input_file_ref idref="fl-c9"/>
      </object_component>
      <object_component id="oc-c2">
         <name>.debug_info</name>
         <load_address>0x12251</load_address>
         <run_address>0x12251</run_address>
         <size>0x46</size>
         <input_file_ref idref="fl-c9"/>
      </object_component>
      <object_component id="oc-75">
         <name>.debug_info</name>
         <load_address>0x12297</load_address>
         <run_address>0x12297</run_address>
         <size>0x39</size>
         <input_file_ref idref="fl-c9"/>
      </object_component>
      <object_component id="oc-27">
         <name>.debug_info</name>
         <load_address>0x122d0</load_address>
         <run_address>0x122d0</run_address>
         <size>0x10b</size>
         <input_file_ref idref="fl-ca"/>
      </object_component>
      <object_component id="oc-53">
         <name>.debug_info</name>
         <load_address>0x123db</load_address>
         <run_address>0x123db</run_address>
         <size>0x1af</size>
         <input_file_ref idref="fl-ca"/>
      </object_component>
      <object_component id="oc-eb">
         <name>.debug_info</name>
         <load_address>0x1258a</load_address>
         <run_address>0x1258a</run_address>
         <size>0x122</size>
         <input_file_ref idref="fl-cb"/>
      </object_component>
      <object_component id="oc-1f2">
         <name>.debug_info</name>
         <load_address>0x126ac</load_address>
         <run_address>0x126ac</run_address>
         <size>0x2c9</size>
         <input_file_ref idref="fl-cc"/>
      </object_component>
      <object_component id="oc-188">
         <name>.debug_info</name>
         <load_address>0x12975</load_address>
         <run_address>0x12975</run_address>
         <size>0x11e</size>
         <input_file_ref idref="fl-cc"/>
      </object_component>
      <object_component id="oc-1eb">
         <name>.debug_info</name>
         <load_address>0x12a93</load_address>
         <run_address>0x12a93</run_address>
         <size>0x12e</size>
         <input_file_ref idref="fl-cc"/>
      </object_component>
      <object_component id="oc-1df">
         <name>.debug_info</name>
         <load_address>0x12bc1</load_address>
         <run_address>0x12bc1</run_address>
         <size>0xfb</size>
         <input_file_ref idref="fl-ce"/>
      </object_component>
      <object_component id="oc-164">
         <name>.debug_info</name>
         <load_address>0x12cbc</load_address>
         <run_address>0x12cbc</run_address>
         <size>0x13d</size>
         <input_file_ref idref="fl-ce"/>
      </object_component>
      <object_component id="oc-1ca">
         <name>.debug_info</name>
         <load_address>0x12df9</load_address>
         <run_address>0x12df9</run_address>
         <size>0x333</size>
         <input_file_ref idref="fl-cf"/>
      </object_component>
      <object_component id="oc-143">
         <name>.debug_info</name>
         <load_address>0x1312c</load_address>
         <run_address>0x1312c</run_address>
         <size>0x1d1</size>
         <input_file_ref idref="fl-cf"/>
      </object_component>
      <object_component id="oc-1be">
         <name>.debug_info</name>
         <load_address>0x132fd</load_address>
         <run_address>0x132fd</run_address>
         <size>0x18d</size>
         <input_file_ref idref="fl-cf"/>
      </object_component>
      <object_component id="oc-1c4">
         <name>.debug_info</name>
         <load_address>0x1348a</load_address>
         <run_address>0x1348a</run_address>
         <size>0x16d</size>
         <input_file_ref idref="fl-cf"/>
      </object_component>
      <object_component id="oc-2d1">
         <name>.debug_info</name>
         <load_address>0x135f7</load_address>
         <run_address>0x135f7</run_address>
         <size>0x2c</size>
         <input_file_ref idref="fl-cf"/>
      </object_component>
      <object_component id="oc-35">
         <name>.debug_info</name>
         <load_address>0x13623</load_address>
         <run_address>0x13623</run_address>
         <size>0x11c</size>
         <input_file_ref idref="fl-d0"/>
      </object_component>
      <object_component id="oc-18e">
         <name>.debug_info</name>
         <load_address>0x1373f</load_address>
         <run_address>0x1373f</run_address>
         <size>0x552</size>
         <input_file_ref idref="fl-d1"/>
      </object_component>
      <object_component id="oc-f7">
         <name>.debug_info</name>
         <load_address>0x13c91</load_address>
         <run_address>0x13c91</run_address>
         <size>0x1a6</size>
         <input_file_ref idref="fl-d1"/>
      </object_component>
      <object_component id="oc-1f8">
         <name>.debug_info</name>
         <load_address>0x13e37</load_address>
         <run_address>0x13e37</run_address>
         <size>0x39</size>
         <input_file_ref idref="fl-d1"/>
      </object_component>
      <object_component id="oc-25f">
         <name>.debug_info</name>
         <load_address>0x13e70</load_address>
         <run_address>0x13e70</run_address>
         <size>0x39</size>
         <input_file_ref idref="fl-d1"/>
      </object_component>
      <object_component id="oc-1fd">
         <name>.debug_info</name>
         <load_address>0x13ea9</load_address>
         <run_address>0x13ea9</run_address>
         <size>0x39</size>
         <input_file_ref idref="fl-d1"/>
      </object_component>
      <object_component id="oc-202">
         <name>.debug_info</name>
         <load_address>0x13ee2</load_address>
         <run_address>0x13ee2</run_address>
         <size>0xcd</size>
         <input_file_ref idref="fl-d1"/>
      </object_component>
      <object_component id="oc-91">
         <name>.debug_info</name>
         <load_address>0x13faf</load_address>
         <run_address>0x13faf</run_address>
         <size>0x153</size>
         <input_file_ref idref="fl-d2"/>
      </object_component>
      <object_component id="oc-24b">
         <name>.debug_info</name>
         <load_address>0x14102</load_address>
         <run_address>0x14102</run_address>
         <size>0x8b1</size>
         <input_file_ref idref="fl-d4"/>
      </object_component>
      <object_component id="oc-216">
         <name>.debug_info</name>
         <load_address>0x149b3</load_address>
         <run_address>0x149b3</run_address>
         <size>0x21e</size>
         <input_file_ref idref="fl-d4"/>
      </object_component>
      <object_component id="oc-294">
         <name>.debug_info</name>
         <load_address>0x14bd1</load_address>
         <run_address>0x14bd1</run_address>
         <size>0x1b3</size>
         <input_file_ref idref="fl-d4"/>
      </object_component>
      <object_component id="oc-29a">
         <name>.debug_info</name>
         <load_address>0x14d84</load_address>
         <run_address>0x14d84</run_address>
         <size>0x21b</size>
         <input_file_ref idref="fl-d4"/>
      </object_component>
      <object_component id="oc-221">
         <name>.debug_info</name>
         <load_address>0x14f9f</load_address>
         <run_address>0x14f9f</run_address>
         <size>0x3bb</size>
         <input_file_ref idref="fl-d4"/>
      </object_component>
      <object_component id="oc-2a1">
         <name>.debug_info</name>
         <load_address>0x1535a</load_address>
         <run_address>0x1535a</run_address>
         <size>0x305</size>
         <input_file_ref idref="fl-d4"/>
      </object_component>
      <object_component id="oc-2a7">
         <name>.debug_info</name>
         <load_address>0x1565f</load_address>
         <run_address>0x1565f</run_address>
         <size>0x215</size>
         <input_file_ref idref="fl-d4"/>
      </object_component>
      <object_component id="oc-227">
         <name>.debug_info</name>
         <load_address>0x15874</load_address>
         <run_address>0x15874</run_address>
         <size>0x215</size>
         <input_file_ref idref="fl-d4"/>
      </object_component>
      <object_component id="oc-22d">
         <name>.debug_info</name>
         <load_address>0x15a89</load_address>
         <run_address>0x15a89</run_address>
         <size>0x304</size>
         <input_file_ref idref="fl-d4"/>
      </object_component>
      <object_component id="oc-233">
         <name>.debug_info</name>
         <load_address>0x15d8d</load_address>
         <run_address>0x15d8d</run_address>
         <size>0x4b0</size>
         <input_file_ref idref="fl-d4"/>
      </object_component>
      <object_component id="oc-1b8">
         <name>.debug_info</name>
         <load_address>0x1623d</load_address>
         <run_address>0x1623d</run_address>
         <size>0x5d8</size>
         <input_file_ref idref="fl-d4"/>
      </object_component>
      <object_component id="oc-24c">
         <name>.debug_info</name>
         <load_address>0x16815</load_address>
         <run_address>0x16815</run_address>
         <size>0x86</size>
         <input_file_ref idref="fl-d4"/>
      </object_component>
      <object_component id="oc-2d6">
         <name>.debug_info</name>
         <load_address>0x1689b</load_address>
         <run_address>0x1689b</run_address>
         <size>0x39</size>
         <input_file_ref idref="fl-d4"/>
      </object_component>
      <object_component id="oc-315">
         <name>.debug_info</name>
         <load_address>0x168d4</load_address>
         <run_address>0x168d4</run_address>
         <size>0xb6</size>
         <input_file_ref idref="fl-d4"/>
      </object_component>
      <object_component id="oc-2db">
         <name>.debug_info</name>
         <load_address>0x1698a</load_address>
         <run_address>0x1698a</run_address>
         <size>0x46</size>
         <input_file_ref idref="fl-d4"/>
      </object_component>
      <object_component id="oc-251">
         <name>.debug_info</name>
         <load_address>0x169d0</load_address>
         <run_address>0x169d0</run_address>
         <size>0x46</size>
         <input_file_ref idref="fl-d4"/>
      </object_component>
      <object_component id="oc-271">
         <name>.debug_info</name>
         <load_address>0x16a16</load_address>
         <run_address>0x16a16</run_address>
         <size>0x2b9</size>
         <input_file_ref idref="fl-d5"/>
      </object_component>
      <object_component id="oc-210">
         <name>.debug_info</name>
         <load_address>0x16ccf</load_address>
         <run_address>0x16ccf</run_address>
         <size>0x17c</size>
         <input_file_ref idref="fl-d5"/>
      </object_component>
      <object_component id="oc-2e4">
         <name>.debug_info</name>
         <load_address>0x16e4b</load_address>
         <run_address>0x16e4b</run_address>
         <size>0xf9</size>
         <input_file_ref idref="fl-d6"/>
      </object_component>
      <object_component id="oc-26e">
         <name>.debug_info</name>
         <load_address>0x16f44</load_address>
         <run_address>0x16f44</run_address>
         <size>0x105</size>
         <input_file_ref idref="fl-d6"/>
      </object_component>
      <object_component id="oc-2f0">
         <name>.debug_info</name>
         <load_address>0x17049</load_address>
         <run_address>0x17049</run_address>
         <size>0x29b</size>
         <input_file_ref idref="fl-d7"/>
      </object_component>
      <object_component id="oc-284">
         <name>.debug_info</name>
         <load_address>0x172e4</load_address>
         <run_address>0x172e4</run_address>
         <size>0x1cd</size>
         <input_file_ref idref="fl-d7"/>
      </object_component>
      <object_component id="oc-2c2">
         <name>.debug_info</name>
         <load_address>0x174b1</load_address>
         <run_address>0x174b1</run_address>
         <size>0x296</size>
         <input_file_ref idref="fl-d8"/>
      </object_component>
      <object_component id="oc-239">
         <name>.debug_info</name>
         <load_address>0x17747</load_address>
         <run_address>0x17747</run_address>
         <size>0x1b6</size>
         <input_file_ref idref="fl-d8"/>
      </object_component>
      <object_component id="oc-307">
         <name>.debug_info</name>
         <load_address>0x178fd</load_address>
         <run_address>0x178fd</run_address>
         <size>0x29a</size>
         <input_file_ref idref="fl-d9"/>
      </object_component>
      <object_component id="oc-2bb">
         <name>.debug_info</name>
         <load_address>0x17b97</load_address>
         <run_address>0x17b97</run_address>
         <size>0x268</size>
         <input_file_ref idref="fl-d9"/>
      </object_component>
      <object_component id="oc-26c">
         <name>.debug_info</name>
         <load_address>0x17dff</load_address>
         <run_address>0x17dff</run_address>
         <size>0x28f</size>
         <input_file_ref idref="fl-da"/>
      </object_component>
      <object_component id="oc-20a">
         <name>.debug_info</name>
         <load_address>0x1808e</load_address>
         <run_address>0x1808e</run_address>
         <size>0x24b</size>
         <input_file_ref idref="fl-da"/>
      </object_component>
      <object_component id="oc-2f8">
         <name>.debug_info</name>
         <load_address>0x182d9</load_address>
         <run_address>0x182d9</run_address>
         <size>0x29a</size>
         <input_file_ref idref="fl-db"/>
      </object_component>
      <object_component id="oc-2b0">
         <name>.debug_info</name>
         <load_address>0x18573</load_address>
         <run_address>0x18573</run_address>
         <size>0x195</size>
         <input_file_ref idref="fl-db"/>
      </object_component>
      <object_component id="oc-321">
         <name>.debug_info</name>
         <load_address>0x18708</load_address>
         <run_address>0x18708</run_address>
         <size>0x39</size>
         <input_file_ref idref="fl-db"/>
      </object_component>
      <object_component id="oc-2f9">
         <name>.debug_info</name>
         <load_address>0x18741</load_address>
         <run_address>0x18741</run_address>
         <size>0x2c</size>
         <input_file_ref idref="fl-db"/>
      </object_component>
      <object_component id="oc-305">
         <name>.debug_info</name>
         <load_address>0x1876d</load_address>
         <run_address>0x1876d</run_address>
         <size>0x2fd</size>
         <input_file_ref idref="fl-dc"/>
      </object_component>
      <object_component id="oc-2b8">
         <name>.debug_info</name>
         <load_address>0x18a6a</load_address>
         <run_address>0x18a6a</run_address>
         <size>0x225</size>
         <input_file_ref idref="fl-dc"/>
      </object_component>
      <object_component id="oc-2c9">
         <name>.debug_info</name>
         <load_address>0x18c8f</load_address>
         <run_address>0x18c8f</run_address>
         <size>0x28f</size>
         <input_file_ref idref="fl-dd"/>
      </object_component>
      <object_component id="oc-240">
         <name>.debug_info</name>
         <load_address>0x18f1e</load_address>
         <run_address>0x18f1e</run_address>
         <size>0x15a</size>
         <input_file_ref idref="fl-dd"/>
      </object_component>
      <object_component id="oc-30a">
         <name>.debug_info</name>
         <load_address>0x19078</load_address>
         <run_address>0x19078</run_address>
         <size>0x46</size>
         <input_file_ref idref="fl-dd"/>
      </object_component>
      <object_component id="oc-2c4">
         <name>.debug_info</name>
         <load_address>0x190be</load_address>
         <run_address>0x190be</run_address>
         <size>0x39</size>
         <input_file_ref idref="fl-dd"/>
      </object_component>
      <object_component id="oc-2ff">
         <name>.debug_info</name>
         <load_address>0x190f7</load_address>
         <run_address>0x190f7</run_address>
         <size>0x161</size>
         <input_file_ref idref="fl-de"/>
      </object_component>
      <object_component id="oc-28f">
         <name>.debug_info</name>
         <load_address>0x19258</load_address>
         <run_address>0x19258</run_address>
         <size>0x14f</size>
         <input_file_ref idref="fl-df"/>
      </object_component>
      <object_component id="oc-21c">
         <name>.debug_info</name>
         <load_address>0x193a7</load_address>
         <run_address>0x193a7</run_address>
         <size>0x12b</size>
         <input_file_ref idref="fl-e0"/>
      </object_component>
      <object_component id="oc-27a">
         <name>.debug_info</name>
         <load_address>0x194d2</load_address>
         <run_address>0x194d2</run_address>
         <size>0x12d</size>
         <input_file_ref idref="fl-e0"/>
      </object_component>
      <object_component id="oc-280">
         <name>.debug_info</name>
         <load_address>0x195ff</load_address>
         <run_address>0x195ff</run_address>
         <size>0x131</size>
         <input_file_ref idref="fl-e1"/>
      </object_component>
      <object_component id="oc-28a">
         <name>.debug_info</name>
         <load_address>0x19730</load_address>
         <run_address>0x19730</run_address>
         <size>0x12f</size>
         <input_file_ref idref="fl-e2"/>
      </object_component>
      <object_component id="oc-275">
         <name>.debug_info</name>
         <load_address>0x1985f</load_address>
         <run_address>0x1985f</run_address>
         <size>0x137</size>
         <input_file_ref idref="fl-e3"/>
      </object_component>
      <object_component id="oc-2ce">
         <name>.debug_info</name>
         <load_address>0x19996</load_address>
         <run_address>0x19996</run_address>
         <size>0x289</size>
         <input_file_ref idref="fl-e4"/>
      </object_component>
      <object_component id="oc-2cb">
         <name>.debug_info</name>
         <load_address>0x19c1f</load_address>
         <run_address>0x19c1f</run_address>
         <size>0x10e</size>
         <input_file_ref idref="fl-e4"/>
      </object_component>
      <object_component id="oc-246">
         <name>.debug_info</name>
         <load_address>0x19d2d</load_address>
         <run_address>0x19d2d</run_address>
         <size>0x14e</size>
         <input_file_ref idref="fl-e4"/>
      </object_component>
      <object_component id="oc-2e8">
         <name>.debug_info</name>
         <load_address>0x19e7b</load_address>
         <run_address>0x19e7b</run_address>
         <size>0x118</size>
         <input_file_ref idref="fl-e5"/>
      </object_component>
      <object_component id="oc-35d">
         <name>.debug_info</name>
         <load_address>0x19f93</load_address>
         <run_address>0x19f93</run_address>
         <size>0xb1</size>
      </object_component>
      <object_component id="oc-1a6">
         <name>.debug_line</name>
         <load_address>0x0</load_address>
         <run_address>0x0</run_address>
         <size>0x38</size>
         <input_file_ref idref="fl-1"/>
      </object_component>
      <object_component id="oc-e2">
         <name>.debug_line</name>
         <load_address>0x38</load_address>
         <run_address>0x38</run_address>
         <size>0xf6</size>
         <input_file_ref idref="fl-1"/>
      </object_component>
      <object_component id="oc-e8">
         <name>.debug_line</name>
         <load_address>0x12e</load_address>
         <run_address>0x12e</run_address>
         <size>0x5d</size>
         <input_file_ref idref="fl-1"/>
      </object_component>
      <object_component id="oc-c0">
         <name>.debug_line</name>
         <load_address>0x18b</load_address>
         <run_address>0x18b</run_address>
         <size>0x74</size>
         <input_file_ref idref="fl-1"/>
      </object_component>
      <object_component id="oc-133">
         <name>.debug_line</name>
         <load_address>0x1ff</load_address>
         <run_address>0x1ff</run_address>
         <size>0x60</size>
         <input_file_ref idref="fl-1"/>
      </object_component>
      <object_component id="oc-32">
         <name>.debug_line</name>
         <load_address>0x25f</load_address>
         <run_address>0x25f</run_address>
         <size>0x20</size>
         <input_file_ref idref="fl-1"/>
      </object_component>
      <object_component id="oc-138">
         <name>.debug_line</name>
         <load_address>0x27f</load_address>
         <run_address>0x27f</run_address>
         <size>0x78</size>
         <input_file_ref idref="fl-1"/>
      </object_component>
      <object_component id="oc-b9">
         <name>.debug_line</name>
         <load_address>0x2f7</load_address>
         <run_address>0x2f7</run_address>
         <size>0x75</size>
         <input_file_ref idref="fl-1"/>
      </object_component>
      <object_component id="oc-1ce">
         <name>.debug_line</name>
         <load_address>0x36c</load_address>
         <run_address>0x36c</run_address>
         <size>0x70</size>
         <input_file_ref idref="fl-1"/>
      </object_component>
      <object_component id="oc-1a8">
         <name>.debug_line</name>
         <load_address>0x3dc</load_address>
         <run_address>0x3dc</run_address>
         <size>0x75</size>
         <input_file_ref idref="fl-2"/>
      </object_component>
      <object_component id="oc-9a">
         <name>.debug_line</name>
         <load_address>0x451</load_address>
         <run_address>0x451</run_address>
         <size>0xe7</size>
         <input_file_ref idref="fl-2"/>
      </object_component>
      <object_component id="oc-1ac">
         <name>.debug_line</name>
         <load_address>0x538</load_address>
         <run_address>0x538</run_address>
         <size>0x77</size>
         <input_file_ref idref="fl-2"/>
      </object_component>
      <object_component id="oc-158">
         <name>.debug_line</name>
         <load_address>0x5af</load_address>
         <run_address>0x5af</run_address>
         <size>0x34</size>
         <input_file_ref idref="fl-2"/>
      </object_component>
      <object_component id="oc-1af">
         <name>.debug_line</name>
         <load_address>0x5e3</load_address>
         <run_address>0x5e3</run_address>
         <size>0xaf</size>
         <input_file_ref idref="fl-3"/>
      </object_component>
      <object_component id="oc-1d1">
         <name>.debug_line</name>
         <load_address>0x692</load_address>
         <run_address>0x692</run_address>
         <size>0x34</size>
         <input_file_ref idref="fl-3"/>
      </object_component>
      <object_component id="oc-1d3">
         <name>.debug_line</name>
         <load_address>0x6c6</load_address>
         <run_address>0x6c6</run_address>
         <size>0x34</size>
         <input_file_ref idref="fl-3"/>
      </object_component>
      <object_component id="oc-1d5">
         <name>.debug_line</name>
         <load_address>0x6fa</load_address>
         <run_address>0x6fa</run_address>
         <size>0x34</size>
         <input_file_ref idref="fl-3"/>
      </object_component>
      <object_component id="oc-d6">
         <name>.debug_line</name>
         <load_address>0x72e</load_address>
         <run_address>0x72e</run_address>
         <size>0x213</size>
         <input_file_ref idref="fl-3"/>
      </object_component>
      <object_component id="oc-1b3">
         <name>.debug_line</name>
         <load_address>0x941</load_address>
         <run_address>0x941</run_address>
         <size>0x5d</size>
         <input_file_ref idref="fl-3"/>
      </object_component>
      <object_component id="oc-1b6">
         <name>.debug_line</name>
         <load_address>0x99e</load_address>
         <run_address>0x99e</run_address>
         <size>0xb2</size>
         <input_file_ref idref="fl-4"/>
      </object_component>
      <object_component id="oc-1d7">
         <name>.debug_line</name>
         <load_address>0xa50</load_address>
         <run_address>0xa50</run_address>
         <size>0x35</size>
         <input_file_ref idref="fl-4"/>
      </object_component>
      <object_component id="oc-dc">
         <name>.debug_line</name>
         <load_address>0xa85</load_address>
         <run_address>0xa85</run_address>
         <size>0x586</size>
         <input_file_ref idref="fl-4"/>
      </object_component>
      <object_component id="oc-1db">
         <name>.debug_line</name>
         <load_address>0x100b</load_address>
         <run_address>0x100b</run_address>
         <size>0x35</size>
         <input_file_ref idref="fl-4"/>
      </object_component>
      <object_component id="oc-12f">
         <name>.debug_line</name>
         <load_address>0x1040</load_address>
         <run_address>0x1040</run_address>
         <size>0x38</size>
         <input_file_ref idref="fl-5"/>
      </object_component>
      <object_component id="oc-12d">
         <name>.debug_line</name>
         <load_address>0x1078</load_address>
         <run_address>0x1078</run_address>
         <size>0x38</size>
         <input_file_ref idref="fl-5"/>
      </object_component>
      <object_component id="oc-6e">
         <name>.debug_line</name>
         <load_address>0x10b0</load_address>
         <run_address>0x10b0</run_address>
         <size>0x1ed</size>
         <input_file_ref idref="fl-5"/>
      </object_component>
      <object_component id="oc-1e3">
         <name>.debug_line</name>
         <load_address>0x129d</load_address>
         <run_address>0x129d</run_address>
         <size>0x36</size>
         <input_file_ref idref="fl-6"/>
      </object_component>
      <object_component id="oc-161">
         <name>.debug_line</name>
         <load_address>0x12d3</load_address>
         <run_address>0x12d3</run_address>
         <size>0x2e3</size>
         <input_file_ref idref="fl-6"/>
      </object_component>
      <object_component id="oc-bc">
         <name>.debug_line</name>
         <load_address>0x15b6</load_address>
         <run_address>0x15b6</run_address>
         <size>0x40</size>
         <input_file_ref idref="fl-7"/>
      </object_component>
      <object_component id="oc-71">
         <name>.debug_line</name>
         <load_address>0x15f6</load_address>
         <run_address>0x15f6</run_address>
         <size>0x40</size>
         <input_file_ref idref="fl-7"/>
      </object_component>
      <object_component id="oc-68">
         <name>.debug_line</name>
         <load_address>0x1636</load_address>
         <run_address>0x1636</run_address>
         <size>0x71</size>
         <input_file_ref idref="fl-7"/>
      </object_component>
      <object_component id="oc-1a4">
         <name>.debug_line</name>
         <load_address>0x16a7</load_address>
         <run_address>0x16a7</run_address>
         <size>0x3b</size>
         <input_file_ref idref="fl-8"/>
      </object_component>
      <object_component id="oc-ac">
         <name>.debug_line</name>
         <load_address>0x16e2</load_address>
         <run_address>0x16e2</run_address>
         <size>0x159</size>
         <input_file_ref idref="fl-8"/>
      </object_component>
      <object_component id="oc-8e">
         <name>.debug_line</name>
         <load_address>0x183b</load_address>
         <run_address>0x183b</run_address>
         <size>0x79</size>
         <input_file_ref idref="fl-c2"/>
      </object_component>
      <object_component id="oc-178">
         <name>.debug_line</name>
         <load_address>0x18b4</load_address>
         <run_address>0x18b4</run_address>
         <size>0xa8</size>
         <input_file_ref idref="fl-c3"/>
      </object_component>
      <object_component id="oc-176">
         <name>.debug_line</name>
         <load_address>0x195c</load_address>
         <run_address>0x195c</run_address>
         <size>0x8e</size>
         <input_file_ref idref="fl-c4"/>
      </object_component>
      <object_component id="oc-180">
         <name>.debug_line</name>
         <load_address>0x19ea</load_address>
         <run_address>0x19ea</run_address>
         <size>0x67</size>
         <input_file_ref idref="fl-c5"/>
      </object_component>
      <object_component id="oc-171">
         <name>.debug_line</name>
         <load_address>0x1a51</load_address>
         <run_address>0x1a51</run_address>
         <size>0x4c</size>
         <input_file_ref idref="fl-c6"/>
      </object_component>
      <object_component id="oc-cf">
         <name>.debug_line</name>
         <load_address>0x1a9d</load_address>
         <run_address>0x1a9d</run_address>
         <size>0xa9</size>
         <input_file_ref idref="fl-c7"/>
      </object_component>
      <object_component id="oc-44">
         <name>.debug_line</name>
         <load_address>0x1b46</load_address>
         <run_address>0x1b46</run_address>
         <size>0x4f</size>
         <input_file_ref idref="fl-c7"/>
      </object_component>
      <object_component id="oc-87">
         <name>.debug_line</name>
         <load_address>0x1b95</load_address>
         <run_address>0x1b95</run_address>
         <size>0x34</size>
         <input_file_ref idref="fl-c7"/>
      </object_component>
      <object_component id="oc-cc">
         <name>.debug_line</name>
         <load_address>0x1bc9</load_address>
         <run_address>0x1bc9</run_address>
         <size>0x95</size>
         <input_file_ref idref="fl-c7"/>
      </object_component>
      <object_component id="oc-82">
         <name>.debug_line</name>
         <load_address>0x1c5e</load_address>
         <run_address>0x1c5e</run_address>
         <size>0x20</size>
         <input_file_ref idref="fl-c8"/>
      </object_component>
      <object_component id="oc-1e">
         <name>.debug_line</name>
         <load_address>0x1c7e</load_address>
         <run_address>0x1c7e</run_address>
         <size>0x55</size>
         <input_file_ref idref="fl-c8"/>
      </object_component>
      <object_component id="oc-3d">
         <name>.debug_line</name>
         <load_address>0x1cd3</load_address>
         <run_address>0x1cd3</run_address>
         <size>0x3a</size>
         <input_file_ref idref="fl-c8"/>
      </object_component>
      <object_component id="oc-7f">
         <name>.debug_line</name>
         <load_address>0x1d0d</load_address>
         <run_address>0x1d0d</run_address>
         <size>0x95</size>
         <input_file_ref idref="fl-c8"/>
      </object_component>
      <object_component id="oc-c8">
         <name>.debug_line</name>
         <load_address>0x1da2</load_address>
         <run_address>0x1da2</run_address>
         <size>0x20</size>
         <input_file_ref idref="fl-c9"/>
      </object_component>
      <object_component id="oc-18">
         <name>.debug_line</name>
         <load_address>0x1dc2</load_address>
         <run_address>0x1dc2</run_address>
         <size>0xa9</size>
         <input_file_ref idref="fl-c9"/>
      </object_component>
      <object_component id="oc-2d">
         <name>.debug_line</name>
         <load_address>0x1e6b</load_address>
         <run_address>0x1e6b</run_address>
         <size>0x3a</size>
         <input_file_ref idref="fl-c9"/>
      </object_component>
      <object_component id="oc-c5">
         <name>.debug_line</name>
         <load_address>0x1ea5</load_address>
         <run_address>0x1ea5</run_address>
         <size>0x9d</size>
         <input_file_ref idref="fl-c9"/>
      </object_component>
      <object_component id="oc-78">
         <name>.debug_line</name>
         <load_address>0x1f42</load_address>
         <run_address>0x1f42</run_address>
         <size>0x99</size>
         <input_file_ref idref="fl-c9"/>
      </object_component>
      <object_component id="oc-74">
         <name>.debug_line</name>
         <load_address>0x1fdb</load_address>
         <run_address>0x1fdb</run_address>
         <size>0x33</size>
         <input_file_ref idref="fl-ca"/>
      </object_component>
      <object_component id="oc-56">
         <name>.debug_line</name>
         <load_address>0x200e</load_address>
         <run_address>0x200e</run_address>
         <size>0x56</size>
         <input_file_ref idref="fl-ca"/>
      </object_component>
      <object_component id="oc-ee">
         <name>.debug_line</name>
         <load_address>0x2064</load_address>
         <run_address>0x2064</run_address>
         <size>0x3c</size>
         <input_file_ref idref="fl-cb"/>
      </object_component>
      <object_component id="oc-25e">
         <name>.debug_line</name>
         <load_address>0x20a0</load_address>
         <run_address>0x20a0</run_address>
         <size>0x20</size>
         <input_file_ref idref="fl-cc"/>
      </object_component>
      <object_component id="oc-1f1">
         <name>.debug_line</name>
         <load_address>0x20c0</load_address>
         <run_address>0x20c0</run_address>
         <size>0x2b</size>
         <input_file_ref idref="fl-cc"/>
      </object_component>
      <object_component id="oc-1ee">
         <name>.debug_line</name>
         <load_address>0x20eb</load_address>
         <run_address>0x20eb</run_address>
         <size>0x3a</size>
         <input_file_ref idref="fl-cc"/>
      </object_component>
      <object_component id="oc-25b">
         <name>.debug_line</name>
         <load_address>0x2125</load_address>
         <run_address>0x2125</run_address>
         <size>0x2a</size>
         <input_file_ref idref="fl-ce"/>
      </object_component>
      <object_component id="oc-167">
         <name>.debug_line</name>
         <load_address>0x214f</load_address>
         <run_address>0x214f</run_address>
         <size>0x45</size>
         <input_file_ref idref="fl-ce"/>
      </object_component>
      <object_component id="oc-259">
         <name>.debug_line</name>
         <load_address>0x2194</load_address>
         <run_address>0x2194</run_address>
         <size>0x2d</size>
         <input_file_ref idref="fl-cf"/>
      </object_component>
      <object_component id="oc-146">
         <name>.debug_line</name>
         <load_address>0x21c1</load_address>
         <run_address>0x21c1</run_address>
         <size>0x4b</size>
         <input_file_ref idref="fl-cf"/>
      </object_component>
      <object_component id="oc-1c1">
         <name>.debug_line</name>
         <load_address>0x220c</load_address>
         <run_address>0x220c</run_address>
         <size>0x4b</size>
         <input_file_ref idref="fl-cf"/>
      </object_component>
      <object_component id="oc-1c7">
         <name>.debug_line</name>
         <load_address>0x2257</load_address>
         <run_address>0x2257</run_address>
         <size>0x3f</size>
         <input_file_ref idref="fl-cf"/>
      </object_component>
      <object_component id="oc-2d4">
         <name>.debug_line</name>
         <load_address>0x2296</load_address>
         <run_address>0x2296</run_address>
         <size>0x94</size>
         <input_file_ref idref="fl-cf"/>
      </object_component>
      <object_component id="oc-38">
         <name>.debug_line</name>
         <load_address>0x232a</load_address>
         <run_address>0x232a</run_address>
         <size>0x88</size>
         <input_file_ref idref="fl-d0"/>
      </object_component>
      <object_component id="oc-1f7">
         <name>.debug_line</name>
         <load_address>0x23b2</load_address>
         <run_address>0x23b2</run_address>
         <size>0xc2</size>
         <input_file_ref idref="fl-d1"/>
      </object_component>
      <object_component id="oc-fa">
         <name>.debug_line</name>
         <load_address>0x2474</load_address>
         <run_address>0x2474</run_address>
         <size>0x6c</size>
         <input_file_ref idref="fl-d1"/>
      </object_component>
      <object_component id="oc-1fb">
         <name>.debug_line</name>
         <load_address>0x24e0</load_address>
         <run_address>0x24e0</run_address>
         <size>0x2e</size>
         <input_file_ref idref="fl-d1"/>
      </object_component>
      <object_component id="oc-262">
         <name>.debug_line</name>
         <load_address>0x250e</load_address>
         <run_address>0x250e</run_address>
         <size>0x9d</size>
         <input_file_ref idref="fl-d1"/>
      </object_component>
      <object_component id="oc-200">
         <name>.debug_line</name>
         <load_address>0x25ab</load_address>
         <run_address>0x25ab</run_address>
         <size>0x9a</size>
         <input_file_ref idref="fl-d1"/>
      </object_component>
      <object_component id="oc-205">
         <name>.debug_line</name>
         <load_address>0x2645</load_address>
         <run_address>0x2645</run_address>
         <size>0x96</size>
         <input_file_ref idref="fl-d1"/>
      </object_component>
      <object_component id="oc-94">
         <name>.debug_line</name>
         <load_address>0x26db</load_address>
         <run_address>0x26db</run_address>
[...]
         <object_component_ref idref="oc-d8"/>
      </symbol>
      <symbol id="sm-222">
         <name>Cash_Out_Lights</name>
         <value>0x1361</value>
         <object_component_ref idref="oc-d8"/>
      </symbol>
      <symbol id="sm-223">
         <name>Reel_state</name>
         <value>0x20000015</value>
         <object_component_ref idref="oc-15a"/>
      </symbol>
      <symbol id="sm-224">
         <name>Credits_Input</name>
         <value>0x10ad</value>
         <object_component_ref idref="oc-d8"/>
      </symbol>
      <symbol id="sm-28a">
         <name>num</name>
         <value>0x2000003e</value>
      </symbol>
      <symbol id="sm-28b">
         <name>SysTick_delay_us</name>
         <value>0x38bd</value>
         <object_component_ref idref="oc-6a"/>
      </symbol>
      <symbol id="sm-28c">
         <name>ButtonPress</name>
         <value>0x20000018</value>
         <object_component_ref idref="oc-af"/>
      </symbol>
      <symbol id="sm-28d">
         <name>PORT1_IRQHandler</name>
         <value>0x3911</value>
         <object_component_ref idref="oc-6a"/>
      </symbol>
      <symbol id="sm-28e">
         <name>Start</name>
         <value>0x2000001b</value>
         <object_component_ref idref="oc-af"/>
      </symbol>
      <symbol id="sm-28f">
         <name>KeyPad_Init</name>
         <value>0x3961</value>
         <object_component_ref idref="oc-6a"/>
      </symbol>
      <symbol id="sm-290">
         <name>BetUp</name>
         <value>0x20000019</value>
         <object_component_ref idref="oc-af"/>
      </symbol>
      <symbol id="sm-291">
         <name>SysTick_delay_ms</name>
         <value>0x3885</value>
         <object_component_ref idref="oc-6a"/>
      </symbol>
      <symbol id="sm-292">
         <name>Read_Keypad</name>
         <value>0x39bd</value>
         <object_component_ref idref="oc-6a"/>
      </symbol>
      <symbol id="sm-293">
         <name>Bet</name>
         <value>0x20000020</value>
         <object_component_ref idref="oc-af"/>
      </symbol>
      <symbol id="sm-294">
         <name>SysTickInit_NoInterrupts</name>
         <value>0x3845</value>
         <object_component_ref idref="oc-6a"/>
      </symbol>
      <symbol id="sm-295">
         <name>SysTickInit_WithInterrupts</name>
         <value>0x3865</value>
         <object_component_ref idref="oc-6a"/>
      </symbol>
      <symbol id="sm-296">
         <name>Buttons_init</name>
         <value>0x3adb</value>
         <object_component_ref idref="oc-6a"/>
      </symbol>
      <symbol id="sm-297">
         <name>CashOut</name>
         <value>0x2000001c</value>
         <object_component_ref idref="oc-af"/>
      </symbol>
      <symbol id="sm-298">
         <name>BetDown</name>
         <value>0x2000001a</value>
         <object_component_ref idref="oc-af"/>
      </symbol>
      <symbol id="sm-299">
         <name>PORT5_IRQHandler</name>
         <value>0x38f5</value>
         <object_component_ref idref="oc-6a"/>
      </symbol>
      <symbol id="sm-29a">
         <name>PORT6_IRQHandler</name>
         <value>0x3947</value>
         <object_component_ref idref="oc-6a"/>
      </symbol>
      <symbol id="sm-29b">
         <name>LED_init</name>
         <value>0x3b65</value>
         <object_component_ref idref="oc-6a"/>
      </symbol>
      <symbol id="sm-2ca">
         <name>Bells</name>
         <value>0x273d</value>
         <object_component_ref idref="oc-15d"/>
      </symbol>
      <symbol id="sm-2cb">
         <name>Speaker</name>
         <value>0x15d9</value>
         <object_component_ref idref="oc-15d"/>
      </symbol>
      <symbol id="sm-2cc">
         <name>Pirates_C</name>
         <value>0x164d</value>
         <object_component_ref idref="oc-15d"/>
      </symbol>
      <symbol id="sm-2cd">
         <name>song</name>
         <value>0x20000016</value>
         <object_component_ref idref="oc-169"/>
      </symbol>
      <symbol id="sm-2ce">
         <name>Despacito</name>
         <value>0x1f1f</value>
         <object_component_ref idref="oc-15d"/>
      </symbol>
      <symbol id="sm-2e3">
         <name>Reset_Handler</name>
         <value>0x578f</value>
         <object_component_ref idref="oc-64"/>
      </symbol>
      <symbol id="sm-2e4">
         <name>Default_Handler</name>
         <value>0x579b</value>
         <object_component_ref idref="oc-64"/>
      </symbol>
      <symbol id="sm-2e5">
         <name>interruptVectors</name>
         <value>0x0</value>
         <object_component_ref idref="oc-23"/>
      </symbol>
      <symbol id="sm-32d">
         <name>SystemInit</name>
         <value>0x3ead</value>
         <object_component_ref idref="oc-a8"/>
      </symbol>
      <symbol id="sm-32e">
         <name>SystemCoreClockUpdate</name>
         <value>0x3c35</value>
         <object_component_ref idref="oc-a8"/>
      </symbol>
      <symbol id="sm-32f">
         <name>SystemCoreClock</name>
         <value>0x20000034</value>
         <object_component_ref idref="oc-128"/>
      </symbol>
      <symbol id="sm-33e">
         <name>__aeabi_memset</name>
         <value>0x51bd</value>
         <object_component_ref idref="oc-8a"/>
      </symbol>
      <symbol id="sm-33f">
         <name>memset</name>
         <value>0x51c3</value>
         <object_component_ref idref="oc-8a"/>
      </symbol>
      <symbol id="sm-340">
         <name>__aeabi_memset8</name>
         <value>0x51bd</value>
         <object_component_ref idref="oc-8a"/>
      </symbol>
      <symbol id="sm-341">
         <name>__aeabi_memset4</name>
         <value>0x51bd</value>
         <object_component_ref idref="oc-8a"/>
      </symbol>
      <symbol id="sm-342">
         <name>__aeabi_memclr8</name>
         <value>0x51bb</value>
         <object_component_ref idref="oc-8a"/>
      </symbol>
      <symbol id="sm-343">
         <name>__aeabi_memclr4</name>
         <value>0x51bb</value>
         <object_component_ref idref="oc-8a"/>
      </symbol>
      <symbol id="sm-344">
         <name>__aeabi_memclr</name>
         <value>0x51bb</value>
         <object_component_ref idref="oc-8a"/>
      </symbol>
      <symbol id="sm-358">
         <name>__aeabi_ddiv</name>
         <value>0x49b1</value>
         <object_component_ref idref="oc-177"/>
      </symbol>
      <symbol id="sm-363">
         <name>__aeabi_dmul</name>
         <value>0x4d1d</value>
         <object_component_ref idref="oc-172"/>
      </symbol>
      <symbol id="sm-36f">
         <name>__aeabi_d2f</name>
         <value>0x52a3</value>
         <object_component_ref idref="oc-17c"/>
      </symbol>
      <symbol id="sm-379">
         <name>__aeabi_ui2d</name>
         <value>0x56cb</value>
         <object_component_ref idref="oc-16d"/>
      </symbol>
      <symbol id="sm-392">
         <name>__TI_zero_init_nomemset</name>
         <value>0x575d</value>
         <object_component_ref idref="oc-40"/>
      </symbol>
      <symbol id="sm-3a9">
         <name>__TI_decompress_none</name>
         <value>0x5781</value>
         <object_component_ref idref="oc-1a"/>
      </symbol>
      <symbol id="sm-3cc">
         <name>__TI_decompress_lzss</name>
         <value>0x5311</value>
         <object_component_ref idref="oc-14"/>
      </symbol>
      <symbol id="sm-3df">
         <name>__stack</name>
         <value>0x2000fe00</value>
         <object_component_ref idref="oc-26"/>
      </symbol>
      <symbol id="sm-3e0">
         <name>_c_int00_noargs</name>
         <value>0x5631</value>
         <object_component_ref idref="oc-52"/>
      </symbol>
      <symbol id="sm-3eb">
         <name>C$$EXIT</name>
         <value>0x57b5</value>
         <object_component_ref idref="oc-ea"/>
      </symbol>
      <symbol id="sm-3ec">
         <name>abort</name>
         <value>0x57b5</value>
         <object_component_ref idref="oc-ea"/>
      </symbol>
      <symbol id="sm-401">
         <name>_nop</name>
         <value>0x3207</value>
         <object_component_ref idref="oc-1ea"/>
      </symbol>
      <symbol id="sm-402">
         <name>_lock</name>
         <value>0x20000024</value>
         <object_component_ref idref="oc-187"/>
      </symbol>
      <symbol id="sm-403">
         <name>_unlock</name>
         <value>0x20000028</value>
         <object_component_ref idref="oc-187"/>
      </symbol>
      <symbol id="sm-41a">
         <name>rand</name>
         <value>0x5669</value>
         <object_component_ref idref="oc-163"/>
      </symbol>
      <symbol id="sm-441">
         <name>sprintf</name>
         <value>0x55b1</value>
         <object_component_ref idref="oc-142"/>
      </symbol>
      <symbol id="sm-45c">
         <name>memcpy</name>
         <value>0x4f7d</value>
         <object_component_ref idref="oc-34"/>
      </symbol>
      <symbol id="sm-45d">
         <name>__aeabi_memcpy</name>
         <value>0x4f7d</value>
         <object_component_ref idref="oc-34"/>
      </symbol>
      <symbol id="sm-45e">
         <name>__aeabi_memcpy8</name>
         <value>0x4f7d</value>
         <object_component_ref idref="oc-34"/>
      </symbol>
      <symbol id="sm-45f">
         <name>__aeabi_memcpy4</name>
         <value>0x4f7d</value>
         <object_component_ref idref="oc-34"/>
      </symbol>
      <symbol id="sm-487">
         <name>__TI_auto_init_nobinit_nopinit</name>
         <value>0x556d</value>
         <object_component_ref idref="oc-f6"/>
      </symbol>
      <symbol id="sm-491">
         <name>_system_pre_init</name>
         <value>0x57b1</value>
         <object_component_ref idref="oc-90"/>
      </symbol>
      <symbol id="sm-5f7">
         <name>__TI_printfi</name>
         <value>0x27a9</value>
         <object_component_ref idref="oc-1b7"/>
      </symbol>
      <symbol id="sm-60d">
         <name>atoi</name>
         <value>0x54d9</value>
         <object_component_ref idref="oc-20f"/>
      </symbol>
      <symbol id="sm-618">
         <name>_ctypes_</name>
         <value>0x57b8</value>
         <object_component_ref idref="oc-26d"/>
      </symbol>
      <symbol id="sm-627">
         <name>ltoa</name>
         <value>0x5433</value>
         <object_component_ref idref="oc-283"/>
      </symbol>
      <symbol id="sm-637">
         <name>memccpy</name>
         <value>0x56eb</value>
         <object_component_ref idref="oc-238"/>
      </symbol>
      <symbol id="sm-647">
         <name>strchr</name>
         <value>0x571f</value>
         <object_component_ref idref="oc-2ba"/>
      </symbol>
      <symbol id="sm-655">
         <name>strlen</name>
         <value>0x5749</value>
         <object_component_ref idref="oc-209"/>
      </symbol>
      <symbol id="sm-675">
         <name>frexpl</name>
         <value>0x5379</value>
         <object_component_ref idref="oc-2ae"/>
      </symbol>
      <symbol id="sm-676">
         <name>frexp</name>
         <value>0x5379</value>
         <object_component_ref idref="oc-2ae"/>
      </symbol>
      <symbol id="sm-693">
         <name>scalbn</name>
         <value>0x4c0d</value>
         <object_component_ref idref="oc-2b4"/>
      </symbol>
      <symbol id="sm-694">
         <name>scalbnl</name>
         <value>0x4c0d</value>
         <object_component_ref idref="oc-2b4"/>
      </symbol>
      <symbol id="sm-695">
         <name>ldexpl</name>
         <value>0x4c0d</value>
         <object_component_ref idref="oc-2b4"/>
      </symbol>
      <symbol id="sm-696">
         <name>ldexp</name>
         <value>0x4c0d</value>
         <object_component_ref idref="oc-2b4"/>
      </symbol>
      <symbol id="sm-6af">
         <name>wcslen</name>
         <value>0x576f</value>
         <object_component_ref idref="oc-23e"/>
      </symbol>
      <symbol id="sm-6b9">
         <name>copysign</name>
         <value>0x5735</value>
         <object_component_ref idref="oc-2fe"/>
      </symbol>
      <symbol id="sm-6ba">
         <name>copysignl</name>
         <value>0x5735</value>
         <object_component_ref idref="oc-2fe"/>
      </symbol>
      <symbol id="sm-6d1">
         <name>__aeabi_dsub</name>
         <value>0x46bd</value>
         <object_component_ref idref="oc-28e"/>
      </symbol>
      <symbol id="sm-6d2">
         <name>__aeabi_dadd</name>
         <value>0x46c7</value>
         <object_component_ref idref="oc-28e"/>
      </symbol>
      <symbol id="sm-6f4">
         <name>__aeabi_cdcmpeq</name>
         <value>0x50af</value>
         <object_component_ref idref="oc-21b"/>
      </symbol>
      <symbol id="sm-6f5">
         <name>__aeabi_cdcmple</name>
         <value>0x50af</value>
         <object_component_ref idref="oc-21b"/>
      </symbol>
      <symbol id="sm-6f6">
         <name>__aeabi_cdrcmple</name>
         <value>0x5135</value>
         <object_component_ref idref="oc-279"/>
      </symbol>
      <symbol id="sm-700">
         <name>__aeabi_d2iz</name>
         <value>0x5525</value>
         <object_component_ref idref="oc-27e"/>
      </symbol>
      <symbol id="sm-70a">
         <name>__aeabi_i2d</name>
         <value>0x569d</value>
         <object_component_ref idref="oc-289"/>
      </symbol>
      <symbol id="sm-717">
         <name>__aeabi_uldivmod</name>
         <value>0x5019</value>
         <object_component_ref idref="oc-272"/>
      </symbol>
      <symbol id="sm-72d">
         <name>__aeabi_errno_addr</name>
         <value>0x57a9</value>
         <object_component_ref idref="oc-244"/>
      </symbol>
      <symbol id="sm-72e">
         <name>errno</name>
         <value>0x2000002c</value>
         <object_component_ref idref="oc-2ca"/>
      </symbol>
      <symbol id="sm-738">
         <name>__aeabi_idiv0</name>
         <value>0x4873</value>
         <object_component_ref idref="oc-2e7"/>
      </symbol>
      <symbol id="sm-739">
         <name>__aeabi_ldiv0</name>
         <value>0x4873</value>
         <object_component_ref idref="oc-2e7"/>
      </symbol>
      <symbol id="sm-73a">
         <name>__TI_static_base__</name>
         <value>0x0</value>
      </symbol>
      <symbol id="sm-73d">
         <name>__mpu_init</name>
         <value>0x0</value>
      </symbol>
      <symbol id="sm-73e">
         <name>_system_post_cinit</name>
         <value>0x0</value>
      </symbol>
      <symbol id="sm-73f">
         <name>NMI_Handler</name>
         <value>0x579b</value>
      </symbol>
      <symbol id="sm-740">
         <name>HardFault_Handler</name>
         <value>0x579b</value>
      </symbol>
      <symbol id="sm-741">
         <name>MemManage_Handler</name>
         <value>0x579b</value>
      </symbol>
      <symbol id="sm-742">
         <name>BusFault_Handler</name>
         <value>0x579b</value>
      </symbol>
      <symbol id="sm-743">
         <name>UsageFault_Handler</name>
         <value>0x579b</value>
      </symbol>
      <symbol id="sm-744">
         <name>SVC_Handler</name>
         <value>0x579b</value>
      </symbol>
      <symbol id="sm-745">
         <name>DebugMon_Handler</name>
         <value>0x579b</value>
      </symbol>
      <symbol id="sm-746">
         <name>PendSV_Handler</name>
         <value>0x579b</value>
      </symbol>
      <symbol id="sm-747">
         <name>SysTick_Handler</name>
         <value>0x579b</value>
      </symbol>
      <symbol id="sm-748">
         <name>PSS_IRQHandler</name>
         <value>0x579b</value>
      </symbol>
      <symbol id="sm-749">
         <name>CS_IRQHandler</name>
         <value>0x579b</value>
      </symbol>
      <symbol id="sm-74a">
         <name>PCM_IRQHandler</name>
         <value>0x579b</value>
      </symbol>
      <symbol id="sm-74b">
         <name>WDT_A_IRQHandler</name>
         <value>0x579b</value>
      </symbol>
      <symbol id="sm-74c">
         <name>FPU_IRQHandler</name>
         <value>0x579b</value>
      </symbol>
      <symbol id="sm-74d">
         <name>FLCTL_IRQHandler</name>
         <value>0x579b</value>
      </symbol>
      <symbol id="sm-74e">
         <name>COMP_E0_IRQHandler</name>
         <value>0x579b</value>
      </symbol>
      <symbol id="sm-74f">
         <name>COMP_E1_IRQHandler</name>
         <value>0x579b</value>
      </symbol>
      <symbol id="sm-750">
         <name>TA0_0_IRQHandler</name>
         <value>0x579b</value>
      </symbol>
      <symbol id="sm-751">
         <name>TA0_N_IRQHandler</name>
         <value>0x579b</value>
      </symbol>
      <symbol id="sm-752">
         <name>TA1_0_IRQHandler</name>
         <value>0x579b</value>
      </symbol>
      <symbol id="sm-753">
         <name>TA1_N_IRQHandler</name>
         <value>0x579b</value>
      </symbol>
      <symbol id="sm-754">
         <name>TA2_0_IRQHandler</name>
         <value>0x579b</value>
      </symbol>
      <symbol id="sm-755">
         <name>TA2_N_IRQHandler</name>
         <value>0x579b</value>
      </symbol>
      <symbol id="sm-756">
         <name>TA3_0_IRQHandler</name>
         <value>0x579b</value>
      </symbol>
      <symbol id="sm-757">
         <name>TA3_N_IRQHandler</name>
         <value>0x579b</value>
      </symbol>
      <symbol id="sm-758">
         <name>EUSCIA0_IRQHandler</name>
         <value>0x579b</value>
      </symbol>
      <symbol id="sm-759">
         <name>EUSCIA1_IRQHandler</name>
         <value>0x579b</value>
      </symbol>
      <symbol id="sm-75a">
         <name>EUSCIA2_IRQHandler</name>
         <value>0x579b</value>
      </symbol>
      <symbol id="sm-75b">
         <name>EUSCIA3_IRQHandler</name>
         <value>0x579b</value>
      </symbol>
      <symbol id="sm-75c">
         <name>EUSCIB0_IRQHandler</name>
         <value>0x579b</value>
      </symbol>
      <symbol id="sm-75d">
         <name>EUSCIB1_IRQHandler</name>
         <value>0x579b</value>
      </symbol>
      <symbol id="sm-75e">
         <name>EUSCIB2_IRQHandler</name>
         <value>0x579b</value>
      </symbol>
      <symbol id="sm-75f">
         <name>EUSCIB3_IRQHandler</name>
         <value>0x579b</value>
      </symbol>
      <symbol id="sm-760">
         <name>ADC14_IRQHandler</name>
         <value>0x579b</value>
      </symbol>
      <symbol id="sm-761">
         <name>T32_INT1_IRQHandler</name>
         <value>0x579b</value>
      </symbol>
      <symbol id="sm-762">
         <name>T32_INT2_IRQHandler</name>
         <value>0x579b</value>
      </symbol>
      <symbol id="sm-763">
         <name>T32_INTC_IRQHandler</name>
         <value>0x579b</value>
      </symbol>
      <symbol id="sm-764">
         <name>AES256_IRQHandler</name>
         <value>0x579b</value>
      </symbol>
      <symbol id="sm-765">
         <name>RTC_C_IRQHandler</name>
         <value>0x579b</value>
      </symbol>
      <symbol id="sm-766">
         <name>DMA_ERR_IRQHandler</name>
         <value>0x579b</value>
      </symbol>
      <symbol id="sm-767">
         <name>DMA_INT3_IRQHandler</name>
         <value>0x579b</value>
      </symbol>
      <symbol id="sm-768">
         <name>DMA_INT2_IRQHandler</name>
         <value>0x579b</value>
      </symbol>
      <symbol id="sm-769">
         <name>DMA_INT1_IRQHandler</name>
         <value>0x579b</value>
      </symbol>
      <symbol id="sm-76a">
         <name>DMA_INT0_IRQHandler</name>
         <value>0x579b</value>
      </symbol>
      <symbol id="sm-76b">
         <name>PORT1_IRQHandler</name>
         <value>0x3911</value>
      </symbol>
      <symbol id="sm-76c">
         <name>PORT2_IRQHandler</name>
         <value>0x579b</value>
      </symbol>
      <symbol id="sm-76d">
         <name>PORT3_IRQHandler</name>
         <value>0x579b</value>
      </symbol>
      <symbol id="sm-76e">
         <name>PORT4_IRQHandler</name>
         <value>0x579b</value>
      </symbol>
      <symbol id="sm-76f">
         <name>PORT5_IRQHandler</name>
         <value>0x38f5</value>
      </symbol>
      <symbol id="sm-770">
         <name>PORT6_IRQHandler</name>
         <value>0x3947</value>
      </symbol>
   </symbol_table>
   <title>Link successful</title>
</link_info>
