******************************************************************************
                  TI ARM Linker Unix v18.1.5                   
******************************************************************************
>> Linked Tue Aug 27 21:00:16 2019

OUTPUT FILE NAME:   <EGR226Sec901_Johnston_Hayes_Final_Project.out>
ENTRY POINT SYMBOL: "_c_int00_noargs"  address: 00005631


MEMORY CONFIGURATION

         name            origin    length      used     unused   attr    fill
----------------------  --------  ---------  --------  --------  ----  --------
  MAIN                  00000000   00040000  00005919  0003a6e7  R  X
  INFO                  00200000   00004000  00000000  00004000  R  X
  SRAM_CODE             01000000   00010000  0000023f  0000fdc1  RW X
  SRAM_DATA             20000000   00010000  0000023f  0000fdc1  RW  


SEGMENT ALLOCATION MAP

run origin  load origin   length   init length attrs members
----------  ----------- ---------- ----------- ----- -------
00000000    00000000    00005920   00005920    r-x
  00000000    00000000    000000e4   000000e4    r-- .intvecs
  000000e4    000000e4    000056d4   000056d4    r-x .text
  000057b8    000057b8    00000119   00000119    r-- .const
  000058d8    000058d8    00000048   00000048    r-- .cinit
20000000    20000000    0000003f   00000000    rw-
  20000000    20000000    00000038   00000000    rw- .data
  20000038    20000038    00000007   00000000    rw- .bss
2000fe00    2000fe00    00000200   00000000    rw-
  2000fe00    2000fe00    00000200   00000000    rw- .stack


SECTION ALLOCATION MAP

 output                                  attributes/
section   page    origin      length       input sections
--------  ----  ----------  ----------   ----------------
.intvecs   0    00000000    000000e4     
                  00000000    000000e4     startup_msp432p401r_ccs.obj (.intvecs:retain)

.text      0    000000e4    000056d4     
                  000000e4    000014f4     Slot_Machine.obj (.text)
                  000015d8    000011d0     Tunes_Library.obj (.text)
                  000027a8    00000a5e     rtsv7M4_T_le_v4SPD16_eabi.lib : _printfi.c.obj (.text:__TI_printfi)
                  00003206    00000002                                   : _lock.c.obj (.text:_nop)
                  00003208    0000063c     LCD_Library.obj (.text)
                  00003844    000003f0     SysTick_Library.obj (.text)
                  00003c34    00000334     system_msp432p401r.obj (.text)
                  00003f68    00000314     ADC_Library.obj (.text)
                  0000427c    00000270     rtsv7M4_T_le_v4SPD16_eabi.lib : _printfi.c.obj (.text:_pconv_a)
                  000044ec    000001d0                                   : _printfi.c.obj (.text:_pconv_g)
                  000046bc    000001b6                                   : fd_add_t2.asm.obj (.text)
                  00004872    00000002                                   : div0.asm.obj (.text)
                  00004874    0000013c                                   : _printfi.c.obj (.text:_pconv_e)
                  000049b0    00000136                                   : fd_div_t2.asm.obj (.text)
                  00004ae6    00000002     --HOLE-- [fill = 0]
                  00004ae8    00000124                                   : _printfi.c.obj (.text:fcvt)
                  00004c0c    00000110                                   : s_scalbn.c.obj (.text:scalbn)
                  00004d1c    000000fc                                   : fd_mul_t2.asm.obj (.text)
                  00004e18    000000b1                                   : _printfi.c.obj (.text:_ltostr)
                  00004ec9    00000003     --HOLE-- [fill = 0]
                  00004ecc    000000b0     EGR226Sec901_Johnston_Hayes_Final_Project.obj (.text)
                  00004f7c    0000009c     rtsv7M4_T_le_v4SPD16_eabi.lib : memcpy_t2.asm.obj (.text)
                  00005018    00000096                                   : ull_div_t2.asm.obj (.text)
                  000050ae    00000086                                   : fd_cmp_t2.asm.obj (.text:__aeabi_cdcmple)
                  00005134    00000086                                   : fd_cmp_t2.asm.obj (.text:__aeabi_cdrcmple)
                  000051ba    0000007a                                   : memset_t2.asm.obj (.text)
                  00005234    0000006e                                   : _printfi.c.obj (.text:_mcpy)
                  000052a2    0000006e                                   : fd_tos_t2.asm.obj (.text)
                  00005310    00000068                                   : copy_decompress_lzss.c.obj (.text:decompress:lzss:__TI_decompress_lzss)
                  00005378    00000064                                   : s_frexp.c.obj (.text:frexp)
                  000053dc    00000056                                   : _printfi.c.obj (.text:_pconv_f)
                  00005432    00000054                                   : ltoa.c.obj (.text:ltoa)
                  00005486    00000052                                   : _printfi.c.obj (.text:_ecpy)
                  000054d8    0000004c                                   : atoi.c.obj (.text:atoi)
                  00005524    00000048                                   : fd_toi_t2.asm.obj (.text)
                  0000556c    00000044                                   : autoinit.c.obj (.text:__TI_auto_init_nobinit_nopinit:__TI_auto_init_nobinit_nopinit)
                  000055b0    00000040                                   : sprintf.c.obj (.text:sprintf)
                  000055f0    0000003e                                   : _printfi.c.obj (.text:_fcpy)
                  0000562e    00000002     --HOLE-- [fill = 0]
                  00005630    00000038                                   : boot_cortex_m.c.obj (.text:_c_int00_noargs:_c_int00_noargs)
                  00005668    00000034                                   : rand.c.obj (.text:rand)
                  0000569c    0000002e                                   : i_tofd_t2.asm.obj (.text)
                  000056ca    00000020                                   : u_tofd_t2.asm.obj (.text)
                  000056ea    0000001c                                   : memccpy.c.obj (.text:memccpy)
                  00005706    00000018                                   : sprintf.c.obj (.text:_outs)
                  0000571e    00000016                                   : strchr.c.obj (.text:strchr)
                  00005734    00000014                                   : s_copysign.c.obj (.text:copysign)
                  00005748    00000014                                   : strlen.c.obj (.text:strlen)
                  0000575c    00000012                                   : copy_zero_init.c.obj (.text:decompress:ZI:__TI_zero_init_nomemset:__TI_zero_init_nomemset)
                  0000576e    00000012                                   : wcslen.c.obj (.text:wcslen)
                  00005780    0000000e                                   : copy_decompress_none.c.obj (.text:decompress:none:__TI_decompress_none)
                  0000578e    0000000e     startup_msp432p401r_ccs.obj (.text)
                  0000579c    0000000a     rtsv7M4_T_le_v4SPD16_eabi.lib : sprintf.c.obj (.text:_outc)
                  000057a6    00000002     --HOLE-- [fill = 0]
                  000057a8    00000008                                   : errno.c.obj (.text:__aeabi_errno_addr)
                  000057b0    00000004                                   : pre_init.c.obj (.text:_system_pre_init)
                  000057b4    00000004                                   : exit.c.obj (.text:abort:abort)

.const     0    000057b8    00000119     
                  000057b8    00000101     rtsv7M4_T_le_v4SPD16_eabi.lib : ctype.c.obj (.const:.string:_ctypes_)
                  000058b9    00000008     LCD_Library.obj (.const:$P$T0$1)
                  000058c1    00000008     LCD_Library.obj (.const:$P$T1$2)
                  000058c9    00000008     LCD_Library.obj (.const:$P$T2$3)

.cinit     0    000058d8    00000048     
                  000058d8    0000001e     (.cinit..data.load) [load image, compression = lzss]
                  000058f6    00000002     --HOLE-- [fill = 0]
                  000058f8    0000000c     (__TI_handler_table)
                  00005904    00000004     --HOLE-- [fill = 0]
                  00005908    00000008     (.cinit..bss.load) [load image, compression = zero_init]
                  00005910    00000010     (__TI_cinit_table)

.init_array 
*          0    00000000    00000000     UNINITIALIZED

.binit     0    00000000    00000000     

.data      0    20000000    00000038     UNINITIALIZED
                  20000000    00000016     Slot_Machine.obj (.data)
                  20000016    00000001     Tunes_Library.obj (.data)
                  20000017    00000001     --HOLE--
                  20000018    0000000c     SysTick_Library.obj (.data)
                  20000024    00000008     rtsv7M4_T_le_v4SPD16_eabi.lib : _lock.c.obj (.data:$O1$$)
                  2000002c    00000004                                   : errno.c.obj (.data)
                  20000030    00000004                                   : rand.c.obj (.data)
                  20000034    00000004     system_msp432p401r.obj (.data)

.bss       0    20000038    00000007     UNINITIALIZED
                  20000038    00000002     ADC_Library.obj (.bss)
                  2000003a    00000001     (.common:Diamond_index)
                  2000003b    00000001     (.common:Dollar_index)
                  2000003c    00000001     (.common:Stick_Person_index)
                  2000003d    00000001     (.common:_offset)
                  2000003e    00000001     (.common:num)

.stack     0    2000fe00    00000200     UNINITIALIZED
                  2000fe00    00000004     rtsv7M4_T_le_v4SPD16_eabi.lib : boot_cortex_m.c.obj (.stack)
                  2000fe04    000001fc     --HOLE--

MODULE SUMMARY

       Module                                          code    ro data   rw data
       ------                                          ----    -------   -------
    ./
       Slot_Machine.obj                                5364    0         44     
       Tunes_Library.obj                               4560    0         2      
       LCD_Library.obj                                 1596    24        6      
       SysTick_Library.obj                             1008    0         26     
       system_msp432p401r.obj                          820     0         8      
       ADC_Library.obj                                 788     0         4      
       startup_msp432p401r_ccs.obj                     14      228       0      
       EGR226Sec901_Johnston_Hayes_Final_Project.obj   176     0         2      
    +--+-----------------------------------------------+-------+---------+---------+
       Total:                                          14326   252       92     
                                                                                
    /Applications/ti/ccsv8/tools/compiler/ti-cgt-arm_18.1.5.LTS/lib/rtsv7M4_T_le_v4SPD16_eabi.lib
       _printfi.c.obj                                  4867    0         0      
       fd_add_t2.asm.obj                               438     0         0      
       fd_div_t2.asm.obj                               310     0         0      
       s_scalbn.c.obj                                  272     0         0      
       fd_cmp_t2.asm.obj                               268     0         0      
       ctype.c.obj                                     0       257       0      
       fd_mul_t2.asm.obj                               252     0         0      
       memcpy_t2.asm.obj                               156     0         0      
       ull_div_t2.asm.obj                              150     0         0      
       memset_t2.asm.obj                               122     0         0      
       fd_tos_t2.asm.obj                               110     0         0      
       copy_decompress_lzss.c.obj                      104     0         0      
       s_frexp.c.obj                                   100     0         0      
       sprintf.c.obj                                   98      0         0      
       ltoa.c.obj                                      84      0         0      
       atoi.c.obj                                      76      0         0      
       fd_toi_t2.asm.obj                               72      0         0      
       autoinit.c.obj                                  68      0         0      
       rand.c.obj                                      52      0         8      
       boot_cortex_m.c.obj                             56      0         0      
       i_tofd_t2.asm.obj                               46      0         0      
       u_tofd_t2.asm.obj                               32      0         0      
       memccpy.c.obj                                   28      0         0      
       strchr.c.obj                                    22      0         0      
       s_copysign.c.obj                                20      0         0      
       strlen.c.obj                                    20      0         0      
       _lock.c.obj                                     2       0         16     
       copy_zero_init.c.obj                            18      0         0      
       wcslen.c.obj                                    18      0         0      
       errno.c.obj                                     8       0         8      
       copy_decompress_none.c.obj                      14      0         0      
       exit.c.obj                                      4       0         0      
       pre_init.c.obj                                  4       0         0      
       div0.asm.obj                                    2       0         0      
    +--+-----------------------------------------------+-------+---------+---------+
       Total:                                          7893    257       32     
                                                                                
       Stack:                                          0       0         1024   
       Linker Generated:                               0       66        0      
    +--+-----------------------------------------------+-------+---------+---------+
       Grand Total:                                    22219   575       1148   


LINKER GENERATED COPY TABLES

__TI_cinit_table @ 00005910 records: 2, size/record: 8, table size: 16
	.data: load addr=000058d8, load size=0000001e bytes, run addr=20000000, run size=00000038 bytes, compression=lzss
	.bss: load addr=00005908, load size=00000008 bytes, run addr=20000038, run size=00000007 bytes, compression=zero_init


LINKER GENERATED HANDLER TABLE

__TI_handler_table @ 000058f8 records: 3, size/record: 4, table size: 12
	index: 0, handler: __TI_decompress_lzss
	index: 1, handler: __TI_decompress_none
	index: 2, handler: __TI_zero_init


GLOBAL SYMBOLS: SORTED ALPHABETICALLY BY Name 

address   name                          
-------   ----                          
0000579b  ADC14_IRQHandler              
00003fcf  ADC_Reading                   
00003f9d  ADC_init                      
00003f87  ADC_pin_init                  
0000579b  AES256_IRQHandler             
0000273d  Bells                         
20000020  Bet                           
2000001a  BetDown                       
20000019  BetUp                         
00000291  Bet_Input                     
0000579b  BusFault_Handler              
20000018  ButtonPress                   
00003adb  Buttons_init                  
000057b5  C$$EXIT                       
0000579b  COMP_E0_IRQHandler            
0000579b  COMP_E1_IRQHandler            
0000579b  CS_IRQHandler                 
2000001c  CashOut                       
00001471  Cash_Out                      
00001361  Cash_Out_Lights               
00003763  Character_init                
000037af  Characters                    
20000004  Credits                       
000010ad  Credits_Input                 
0000579b  DMA_ERR_IRQHandler            
0000579b  DMA_INT0_IRQHandler           
0000579b  DMA_INT1_IRQHandler           
0000579b  DMA_INT2_IRQHandler           
0000579b  DMA_INT3_IRQHandler           
0000579b  DebugMon_Handler              
0000579b  Default_Handler               
00001f1f  Despacito                     
2000003a  Diamond_index                 
2000003b  Dollar_index                  
0000579b  EUSCIA0_IRQHandler            
0000579b  EUSCIA1_IRQHandler            
0000579b  EUSCIA2_IRQHandler            
0000579b  EUSCIA3_IRQHandler            
0000579b  EUSCIB0_IRQHandler            
0000579b  EUSCIB1_IRQHandler            
0000579b  EUSCIB2_IRQHandler            
0000579b  EUSCIB3_IRQHandler            
0000579b  FLCTL_IRQHandler              
0000579b  FPU_IRQHandler                
0000579b  HardFault_Handler             
00000319  Home_Option                   
00000151  Intro_Screen                  
00003961  KeyPad_Init                   
00003b65  LED_init                      
00000359  Lose_Lights                   
0000579b  MemManage_Handler             
00000199  Menu_Options                  
000000e5  Menu_Screen                   
0000579b  NMI_Handler                   
0000579b  PCM_IRQHandler                
00003911  PORT1_IRQHandler              
00003911  PORT1_IRQHandler              
0000579b  PORT2_IRQHandler              
0000579b  PORT3_IRQHandler              
0000579b  PORT4_IRQHandler              
000038f5  PORT5_IRQHandler              
000038f5  PORT5_IRQHandler              
00003947  PORT6_IRQHandler              
00003947  PORT6_IRQHandler              
0000579b  PSS_IRQHandler                
0000579b  PendSV_Handler                
0000164d  Pirates_C                     
000004b9  Play_Game                     
0000579b  RTC_C_IRQHandler              
000039bd  Read_Keypad                   
20000015  Reel_state                    
0000578f  Reset_Handler                 
0000579b  SVC_Handler                   
00001431  Servo                         
00001031  Sounds_Options                
000015d9  Speaker                       
00001021  Spin_and_Play                 
2000001b  Start                         
2000003c  Stick_Person_index            
00003845  SysTickInit_NoInterrupts      
00003865  SysTickInit_WithInterrupts    
0000579b  SysTick_Handler               
00003885  SysTick_delay_ms              
000038bd  SysTick_delay_us              
20000034  SystemCoreClock               
00003c35  SystemCoreClockUpdate         
00003ead  SystemInit                    
0000579b  T32_INT1_IRQHandler           
0000579b  T32_INT2_IRQHandler           
0000579b  T32_INTC_IRQHandler           
0000579b  TA0_0_IRQHandler              
0000579b  TA0_N_IRQHandler              
0000579b  TA1_0_IRQHandler              
0000579b  TA1_N_IRQHandler              
0000579b  TA2_0_IRQHandler              
0000579b  TA2_N_IRQHandler              
0000579b  TA3_0_IRQHandler              
0000579b  TA3_N_IRQHandler              
0000579b  UsageFault_Handler            
4000480c  WDTCTL_SYM                    
0000579b  WDT_A_IRQHandler              
20010000  __STACK_END                   
00000200  __STACK_SIZE                  
00005910  __TI_CINIT_Base               
00005920  __TI_CINIT_Limit              
000058f8  __TI_Handler_Table_Base       
00005904  __TI_Handler_Table_Limit      
0000556d  __TI_auto_init_nobinit_nopinit
00005311  __TI_decompress_lzss          
00005781  __TI_decompress_none          
ffffffff  __TI_pprof_out_hndl           
000027a9  __TI_printfi                  
ffffffff  __TI_prof_data_size           
ffffffff  __TI_prof_data_start          
00000000  __TI_static_base__            
0000575d  __TI_zero_init_nomemset       
000050af  __aeabi_cdcmpeq               
000050af  __aeabi_cdcmple               
00005135  __aeabi_cdrcmple              
000052a3  __aeabi_d2f                   
00005525  __aeabi_d2iz                  
000046c7  __aeabi_dadd                  
000049b1  __aeabi_ddiv                  
00004d1d  __aeabi_dmul                  
000046bd  __aeabi_dsub                  
000057a9  __aeabi_errno_addr            
0000569d  __aeabi_i2d                   
00004873  __aeabi_idiv0                 
00004873  __aeabi_ldiv0                 
000051bb  __aeabi_memclr                
000051bb  __aeabi_memclr4               
000051bb  __aeabi_memclr8               
00004f7d  __aeabi_memcpy                
00004f7d  __aeabi_memcpy4               
00004f7d  __aeabi_memcpy8               
000051bd  __aeabi_memset                
000051bd  __aeabi_memset4               
000051bd  __aeabi_memset8               
000056cb  __aeabi_ui2d                  
00005019  __aeabi_uldivmod              
ffffffff  __binit__                     
ffffffff  __c_args__                    
UNDEFED   __mpu_init                    
2000fe00  __stack                       
00005631  _c_int00_noargs               
000057b8  _ctypes_                      
20000024  _lock                         
00003207  _nop                          
2000003d  _offset                       
UNDEFED   _system_post_cinit            
000057b1  _system_pre_init              
20000028  _unlock                       
000057b5  abort                         
000054d9  atoi                          
ffffffff  binit                         
00005735  copysign                      
00005735  copysignl                     
2000002c  errno                         
00005379  frexp                         
00005379  frexpl                        
20000000  i                             
00000000  interruptVectors              
20000003  j                             
00003753  lcdClear                      
000036f5  lcdCreateCustomChar           
00003209  lcdInit                       
00003661  lcdSetChar                    
000036d1  lcdSetInt                     
000035d5  lcdSetText                    
000032fd  lcdTriggerEN                  
00003479  lcdWriteCmd                   
00003321  lcdWriteData                  
00004c0d  ldexp                         
00004c0d  ldexpl                        
00005433  ltoa                          
00004ef9  main                          
000056eb  memccpy                       
00004f7d  memcpy                        
000051c3  memset                        
20000001  n                             
2000003e  num                           
20000008  one                           
20000014  play                          
00005669  rand                          
00004c0d  scalbn                        
00004c0d  scalbnl                       
00003f69  sevenSegment_init             
20000016  song                          
000055b1  sprintf                       
0000571f  strchr                        
00005749  strlen                        
20000010  three                         
2000000c  two                           
0000576f  wcslen                        
20000002  x                             


GLOBAL SYMBOLS: SORTED BY Symbol Address 

address   name                          
-------   ----                          
00000000  __TI_static_base__            
00000000  interruptVectors              
000000e5  Menu_Screen                   
00000151  Intro_Screen                  
00000199  Menu_Options                  
00000200  __STACK_SIZE                  
00000291  Bet_Input                     
00000319  Home_Option                   
00000359  Lose_Lights                   
000004b9  Play_Game                     
00001021  Spin_and_Play                 
00001031  Sounds_Options                
000010ad  Credits_Input                 
00001361  Cash_Out_Lights               
00001431  Servo                         
00001471  Cash_Out                      
000015d9  Speaker                       
0000164d  Pirates_C                     
00001f1f  Despacito                     
0000273d  Bells                         
000027a9  __TI_printfi                  
00003207  _nop                          
00003209  lcdInit                       
000032fd  lcdTriggerEN                  
00003321  lcdWriteData                  
00003479  lcdWriteCmd                   
000035d5  lcdSetText                    
00003661  lcdSetChar                    
000036d1  lcdSetInt                     
000036f5  lcdCreateCustomChar           
00003753  lcdClear                      
00003763  Character_init                
000037af  Characters                    
00003845  SysTickInit_NoInterrupts      
00003865  SysTickInit_WithInterrupts    
00003885  SysTick_delay_ms              
000038bd  SysTick_delay_us              
000038f5  PORT5_IRQHandler              
000038f5  PORT5_IRQHandler              
00003911  PORT1_IRQHandler              
00003911  PORT1_IRQHandler              
00003947  PORT6_IRQHandler              
00003947  PORT6_IRQHandler              
00003961  KeyPad_Init                   
000039bd  Read_Keypad                   
00003adb  Buttons_init                  
00003b65  LED_init                      
00003c35  SystemCoreClockUpdate         
00003ead  SystemInit                    
00003f69  sevenSegment_init             
00003f87  ADC_pin_init                  
00003f9d  ADC_init                      
00003fcf  ADC_Reading                   
000046bd  __aeabi_dsub                  
000046c7  __aeabi_dadd                  
00004873  __aeabi_idiv0                 
00004873  __aeabi_ldiv0                 
000049b1  __aeabi_ddiv                  
00004c0d  ldexp                         
00004c0d  ldexpl                        
00004c0d  scalbn                        
00004c0d  scalbnl                       
00004d1d  __aeabi_dmul                  
00004ef9  main                          
00004f7d  __aeabi_memcpy                
00004f7d  __aeabi_memcpy4               
00004f7d  __aeabi_memcpy8               
00004f7d  memcpy                        
00005019  __aeabi_uldivmod              
000050af  __aeabi_cdcmpeq               
000050af  __aeabi_cdcmple               
00005135  __aeabi_cdrcmple              
000051bb  __aeabi_memclr                
000051bb  __aeabi_memclr4               
000051bb  __aeabi_memclr8               
000051bd  __aeabi_memset                
000051bd  __aeabi_memset4               
000051bd  __aeabi_memset8               
000051c3  memset                        
000052a3  __aeabi_d2f                   
00005311  __TI_decompress_lzss          
00005379  frexp                         
00005379  frexpl                        
00005433  ltoa                          
000054d9  atoi                          
00005525  __aeabi_d2iz                  
0000556d  __TI_auto_init_nobinit_nopinit
000055b1  sprintf                       
00005631  _c_int00_noargs               
00005669  rand                          
0000569d  __aeabi_i2d                   
000056cb  __aeabi_ui2d                  
000056eb  memccpy                       
0000571f  strchr                        
00005735  copysign                      
00005735  copysignl                     
00005749  strlen                        
0000575d  __TI_zero_init_nomemset       
0000576f  wcslen                        
00005781  __TI_decompress_none          
0000578f  Reset_Handler                 
0000579b  ADC14_IRQHandler              
0000579b  AES256_IRQHandler             
0000579b  BusFault_Handler              
0000579b  COMP_E0_IRQHandler            
0000579b  COMP_E1_IRQHandler            
0000579b  CS_IRQHandler                 
0000579b  DMA_ERR_IRQHandler            
0000579b  DMA_INT0_IRQHandler           
0000579b  DMA_INT1_IRQHandler           
0000579b  DMA_INT2_IRQHandler           
0000579b  DMA_INT3_IRQHandler           
0000579b  DebugMon_Handler              
0000579b  Default_Handler               
0000579b  EUSCIA0_IRQHandler            
0000579b  EUSCIA1_IRQHandler            
0000579b  EUSCIA2_IRQHandler            
0000579b  EUSCIA3_IRQHandler            
0000579b  EUSCIB0_IRQHandler            
0000579b  EUSCIB1_IRQHandler            
0000579b  EUSCIB2_IRQHandler            
0000579b  EUSCIB3_IRQHandler            
0000579b  FLCTL_IRQHandler              
0000579b  FPU_IRQHandler                
0000579b  HardFault_Handler             
0000579b  MemManage_Handler             
0000579b  NMI_Handler                   
0000579b  PCM_IRQHandler                
0000579b  PORT2_IRQHandler              
0000579b  PORT3_IRQHandler              
0000579b  PORT4_IRQHandler              
0000579b  PSS_IRQHandler                
0000579b  PendSV_Handler                
0000579b  RTC_C_IRQHandler              
0000579b  SVC_Handler                   
0000579b  SysTick_Handler               
0000579b  T32_INT1_IRQHandler           
0000579b  T32_INT2_IRQHandler           
0000579b  T32_INTC_IRQHandler           
0000579b  TA0_0_IRQHandler              
0000579b  TA0_N_IRQHandler              
0000579b  TA1_0_IRQHandler              
0000579b  TA1_N_IRQHandler              
0000579b  TA2_0_IRQHandler              
0000579b  TA2_N_IRQHandler              
0000579b  TA3_0_IRQHandler              
0000579b  TA3_N_IRQHandler              
0000579b  UsageFault_Handler            
0000579b  WDT_A_IRQHandler              
000057a9  __aeabi_errno_addr            
000057b1  _system_pre_init              
000057b5  C$$EXIT                       
000057b5  abort                         
000057b8  _ctypes_                      
000058f8  __TI_Handler_Table_Base       
00005904  __TI_Handler_Table_Limit      
00005910  __TI_CINIT_Base               
00005920  __TI_CINIT_Limit              
20000000  i                             
20000001  n                             
20000002  x                             
20000003  j                             
20000004  Credits                       
20000008  one                           
2000000c  two                           
20000010  three                         
20000014  play                          
20000015  Reel_state                    
20000016  song                          
20000018  ButtonPress                   
20000019  BetUp                         
2000001a  BetDown                       
2000001b  Start                         
2000001c  CashOut                       
20000020  Bet                           
20000024  _lock                         
20000028  _unlock                       
2000002c  errno                         
20000034  SystemCoreClock               
2000003a  Diamond_index                 
2000003b  Dollar_index                  
2000003c  Stick_Person_index            
2000003d  _offset                       
2000003e  num                           
2000fe00  __stack                       
20010000  __STACK_END                   
4000480c  WDTCTL_SYM                    
ffffffff  __TI_pprof_out_hndl           
ffffffff  __TI_prof_data_size           
ffffffff  __TI_prof_data_start          
ffffffff  __binit__                     
ffffffff  __c_args__                    
ffffffff  binit                         
UNDEFED   __mpu_init                    
UNDEFED   _system_post_cinit            

[195 symbols]
